BL51 BANKED LINKER/LOCATER V6.22                                                        11/17/2023  15:14:24  PAGE 1


BL51 BANKED LINKER/LOCATER V6.22, INVOKED BY:
C:\KEIL\C51\BIN\BL51.EXE D:\micom_diag\CK\AVN\FIRMWARE\Application\F50x_Target_App_InfoBlock.obj, D:\micom_diag\CK\AVN\F
>> IRMWARE\Application\main.obj, D:\micom_diag\CK\AVN\FIRMWARE\Application\Startup_WatchdogDisable.obj, D:\micom_diag\CK
>> \AVN\FIRMWARE\Application\drv_mcu.obj, BANK1 {D:\micom_diag\CK\AVN\FIRMWARE\Application\mgr_mcu.obj}, BANK1 {D:\micom
>> _diag\CK\AVN\FIRMWARE\Application\drv_timer.obj}, D:\micom_diag\CK\AVN\FIRMWARE\Application\drv_i2c.obj, BANK1 {D:\mi
>> com_diag\CK\AVN\FIRMWARE\Application\mgr_comm.obj}, BANK1 {D:\micom_diag\CK\AVN\FIRMWARE\Application\drv_can.obj}, BA
>> NK1 {D:\micom_diag\CK\AVN\FIRMWARE\Application\drv_pca.obj}, BANK1 {D:\micom_diag\CK\AVN\FIRMWARE\Application\drv_spi
>> .obj}, D:\micom_diag\CK\AVN\FIRMWARE\Application\L51_BANK.obj, BANK1 {D:\micom_diag\CK\AVN\FIRMWARE\Application\mgr_d
>> iag.obj}, BANK1 {D:\micom_diag\CK\AVN\FIRMWARE\Application\drv_mem.obj}, BANK1 {D:\micom_diag\CK\AVN\FIRMWARE\Applica
>> tion\mgr_isp.obj}, BANK1 {D:\micom_diag\CK\AVN\FIRMWARE\Application\drv_adc.obj}, D:\micom_diag\CK\AVN\FIRMWARE\Appli
>> cation\F50x_Target_Cam_InfoBlock.obj, D:\micom_diag\mcnex_diagnostic_bit\CanBSW\can_drv.obj, BANK1 {D:\micom_diag\mcn
>> ex_diagnostic_bit\CanBSW\il.obj}, BANK1 {D:\micom_diag\mcnex_diagnostic_bit\CanBSW\nm_basic.obj}, BANK1 {D:\micom_dia
>> g\mcnex_diagnostic_bit\CanBSW\sip_vers.obj}, BANK1 {D:\micom_diag\mcnex_diagnostic_bit\CanBSW\tpmc.obj}, BANK1 {D:\mi
>> com_diag\mcnex_diagnostic_bit\CanBSW\vstdlib.obj}, BANK2 {D:\micom_diag\mcnex_diagnostic_bit\CANGEN_MCNEX\appdesc.obj
>> }, BANK2 {D:\micom_diag\mcnex_diagnostic_bit\CANGEN_MCNEX\appdescdev.obj}, BANK1 {D:\micom_diag\mcnex_diagnostic_bit\
>> CANGEN_MCNEX\can_par.obj}, BANK1 {D:\micom_diag\mcnex_diagnostic_bit\CANGEN_MCNEX\desc.obj}, BANK2 {D:\micom_diag\mcn
>> ex_diagnostic_bit\CANGEN_MCNEX\drv_par.obj}, BANK1 {D:\micom_diag\mcnex_diagnostic_bit\CANGEN_MCNEX\il_par.obj}, BANK
>> 2 {D:\micom_diag\mcnex_diagnostic_bit\CANGEN_MCNEX\nmb_par.obj}, BANK2 {D:\micom_diag\mcnex_diagnostic_bit\CANGEN_MCN
>> EX\tp_par.obj}, BANK2 {D:\micom_diag\mcnex_diagnostic_bit\CANGEN_MCNEX\v_par.obj}, D:\micom_diag\CK\AVN\FIRMWARE\Appl
>> ication\F50x_Target_Optic_InfoBlock.obj TO D:\micom_diag\CK\AVN\FIRMWARE\Application\SteeringCamera_App.omf NOOL CODE
>>  (0X4000-0X7EFF) BANK0 (?CO?F50X_TARGET_APP_INFOBLOCK (0X7FF0)) OVERLAY (* !  (?PR?FLASH_RESETTRAP?DRV_MEM)) BANK1 (?
>> PR?FLASH_RESETTRAP?DRV_MEM (0XFE00), ?PR?_FLASH_BYTEWRITE?DRV_MEM, ?PR?_FLASH_PAGEERASE?DRV_MEM, ?CO?F50X_TARGET_CAM_
>> INFOBLOCK (0XFFF0)) BANK2 (?CO?F50X_TARGET_OPTIC_INFOBLOCK (0XFE00)) BANKAREA (8000H, 0FFFFH)


MEMORY MODEL: LARGE


INPUT MODULES INCLUDED:
  D:\micom_diag\CK\AVN\FIRMWARE\Application\F50x_Target_App_InfoBlock.obj (F50X_TARGET_APP_INFOBLOCK)
  D:\micom_diag\CK\AVN\FIRMWARE\Application\main.obj (MAIN)
  D:\micom_diag\CK\AVN\FIRMWARE\Application\Startup_WatchdogDisable.obj (?C_STARTUP)
  D:\micom_diag\CK\AVN\FIRMWARE\Application\drv_mcu.obj (DRV_MCU)
  D:\micom_diag\CK\AVN\FIRMWARE\Application\mgr_mcu.obj (MGR_MCU)
  D:\micom_diag\CK\AVN\FIRMWARE\Application\drv_timer.obj (DRV_TIMER)
  D:\micom_diag\CK\AVN\FIRMWARE\Application\drv_i2c.obj (DRV_I2C)
  D:\micom_diag\CK\AVN\FIRMWARE\Application\mgr_comm.obj (MGR_COMM)
  D:\micom_diag\CK\AVN\FIRMWARE\Application\drv_can.obj (DRV_CAN)
  D:\micom_diag\CK\AVN\FIRMWARE\Application\drv_pca.obj (DRV_PCA)
  D:\micom_diag\CK\AVN\FIRMWARE\Application\drv_spi.obj (DRV_SPI)
  D:\micom_diag\CK\AVN\FIRMWARE\Application\L51_BANK.obj (?BANK?SWITCHING)
  D:\micom_diag\CK\AVN\FIRMWARE\Application\mgr_diag.obj (MGR_DIAG)
  D:\micom_diag\CK\AVN\FIRMWARE\Application\drv_mem.obj (DRV_MEM)
  D:\micom_diag\CK\AVN\FIRMWARE\Application\mgr_isp.obj (MGR_ISP)
  D:\micom_diag\CK\AVN\FIRMWARE\Application\drv_adc.obj (DRV_ADC)
  D:\micom_diag\CK\AVN\FIRMWARE\Application\F50x_Target_Cam_InfoBlock.obj (F50X_TARGET_CAM_INFOBLOCK)
  D:\micom_diag\mcnex_diagnostic_bit\CanBSW\can_drv.obj (CAN_DRV)
  D:\micom_diag\mcnex_diagnostic_bit\CanBSW\il.obj (IL)
  D:\micom_diag\mcnex_diagnostic_bit\CanBSW\nm_basic.obj (NM_BASIC)
  D:\micom_diag\mcnex_diagnostic_bit\CanBSW\sip_vers.obj (SIP_VERS)
  D:\micom_diag\mcnex_diagnostic_bit\CanBSW\tpmc.obj (TPMC)
  D:\micom_diag\mcnex_diagnostic_bit\CanBSW\vstdlib.obj (VSTDLIB)
  D:\micom_diag\mcnex_diagnostic_bit\CANGEN_MCNEX\appdesc.obj (APPDESC)
  D:\micom_diag\mcnex_diagnostic_bit\CANGEN_MCNEX\appdescdev.obj (APPDESCDEV)
  D:\micom_diag\mcnex_diagnostic_bit\CANGEN_MCNEX\can_par.obj (CAN_PAR)
  D:\micom_diag\mcnex_diagnostic_bit\CANGEN_MCNEX\desc.obj (DESC)
  D:\micom_diag\mcnex_diagnostic_bit\CANGEN_MCNEX\drv_par.obj (DRV_PAR)
  D:\micom_diag\mcnex_diagnostic_bit\CANGEN_MCNEX\il_par.obj (IL_PAR)
BL51 BANKED LINKER/LOCATER V6.22                                                      11/17/2023  15:14:24  PAGE 2


  D:\micom_diag\mcnex_diagnostic_bit\CANGEN_MCNEX\nmb_par.obj (NMB_PAR)
  D:\micom_diag\mcnex_diagnostic_bit\CANGEN_MCNEX\tp_par.obj (TP_PAR)
  D:\micom_diag\mcnex_diagnostic_bit\CANGEN_MCNEX\v_par.obj (V_PAR)
  D:\micom_diag\CK\AVN\FIRMWARE\Application\F50x_Target_Optic_InfoBlock.obj (F50X_TARGET_OPTIC_INFOBLOCK)
  C:\KEIL\C51\LIB\C51L.LIB (?C_INIT)
  C:\KEIL\C51\LIB\C51L.LIB (?C?COPY)
  C:\KEIL\C51\LIB\C51L.LIB (?C?CLDPTR)
  C:\KEIL\C51\LIB\C51L.LIB (?C?CLDOPTR)
  C:\KEIL\C51\LIB\C51L.LIB (?C?CILDPTR)
  C:\KEIL\C51\LIB\C51L.LIB (?C?CILDOPTR)
  C:\KEIL\C51\LIB\C51L.LIB (?C?CSTPTR)
  C:\KEIL\C51\LIB\C51L.LIB (?C?CSTOPTR)
  C:\KEIL\C51\LIB\C51L.LIB (?C?IMUL)
  C:\KEIL\C51\LIB\C51L.LIB (?C?UIDIV)
  C:\KEIL\C51\LIB\C51L.LIB (?C?IILDX)
  C:\KEIL\C51\LIB\C51L.LIB (?C?ILDPTR)
  C:\KEIL\C51\LIB\C51L.LIB (?C?ILDOPTR)
  C:\KEIL\C51\LIB\C51L.LIB (?C?ILDIOPTR)
  C:\KEIL\C51\LIB\C51L.LIB (?C?IILDOPTR)
  C:\KEIL\C51\LIB\C51L.LIB (?C?ISTPTR)
  C:\KEIL\C51\LIB\C51L.LIB (?C?ISTOPTR)
  C:\KEIL\C51\LIB\C51L.LIB (?C?LMUL)
  C:\KEIL\C51\LIB\C51L.LIB (?C?ULDIV)
  C:\KEIL\C51\LIB\C51L.LIB (?C?SLDIV)
  C:\KEIL\C51\LIB\C51L.LIB (?C?ULCMP)
  C:\KEIL\C51\LIB\C51L.LIB (?C?ULSHR)
  C:\KEIL\C51\LIB\C51L.LIB (?C?LSHL)
  C:\KEIL\C51\LIB\C51L.LIB (?C?LSTXDATA)
  C:\KEIL\C51\LIB\C51L.LIB (?C?LSTKXDATA)
  C:\KEIL\C51\LIB\C51L.LIB (?C?OFFXADD)
  C:\KEIL\C51\LIB\C51L.LIB (?C?PLDPTR)
  C:\KEIL\C51\LIB\C51L.LIB (?C?PLDOPTR)
  C:\KEIL\C51\LIB\C51L.LIB (?C?PSTOPTR)
  C:\KEIL\C51\LIB\C51L.LIB (?C?ICALL)
  C:\KEIL\C51\LIB\C51L.LIB (?C_XBP)
  C:\KEIL\C51\LIB\C51L.LIB (?C?ADDXBP)
  C:\KEIL\C51\LIB\C51L.LIB (?C?XBPOFF)
  C:\KEIL\C51\LIB\C51L.LIB (?C?LIMUL)
  C:\KEIL\C51\LIB\C51L.LIB (ABS)
  C:\KEIL\C51\LIB\C51L.LIB (?C?MEMCMP)
  C:\KEIL\C51\LIB\C51L.LIB (?C?MEMSET)
  C:\KEIL\C51\LIB\C51L.LIB (?C?ILDIX)
  C:\KEIL\C51\LIB\C51L.LIB (?C?PLDIDATA)
  C:\KEIL\C51\LIB\C51L.LIB (?C?PSTIDATA)
  C:\KEIL\C51\LIB\C51L.LIB (?C?PLDXDATA)
  C:\KEIL\C51\LIB\C51L.LIB (?C?PSTXDATA)
  C:\KEIL\C51\LIB\C51L.LIB (?C?PLDPDATA)
  C:\KEIL\C51\LIB\C51L.LIB (?C?PSTPDATA)
  C:\KEIL\C51\LIB\C51L.LIB (?C?PLDCODE)


LINK MAP OF MODULE:  D:\micom_diag\CK\AVN\FIRMWARE\Application\SteeringCamera_App.omf (F50X_TARGET_APP_INFOBLOCK)


            TYPE    BASE      LENGTH    RELOCATION   SEGMENT NAME
            -----------------------------------------------------

BL51 BANKED LINKER/LOCATER V6.22                                                      11/17/2023  15:14:24  PAGE 3


            * * * * * * *   D A T A   M E M O R Y   * * * * * * *
            REG     0000H     0008H     ABSOLUTE     "REG BANK 0"
            REG     0008H     0008H     ABSOLUTE     "REG BANK 1"
            DATA    0010H     0003H     UNIT         ?DT?DOORBELLCHECK?MGR_ISP
            DATA    0013H     0002H     UNIT         ?DT?_FLASH_BYTEWRITE?DRV_MEM
            DATA    0015H     0002H     UNIT         ?DT?_FLASH_BYTEREAD?DRV_MEM
            DATA    0017H     0002H     UNIT         ?DT?_FLASH_PAGEERASE?DRV_MEM
            DATA    0019H     0002H     UNIT         ?DT?_OVERLAY_GUIDELINE?MGR_ISP
            DATA    001BH     0002H     UNIT         ?DT?_WARNING_MSG?MGR_ISP
            DATA    001DH     0002H     UNIT         ?DT?_SENSOR_XY_OFFSET_SET?MGR_ISP
            DATA    001FH     0001H     UNIT         ?BANK?DATA
            BIT     0020H.0   0000H.1   UNIT         ?BI?MAIN
            BIT     0020H.1   0000H.1   UNIT         ?BI?_FLASH_BYTEWRITE?DRV_MEM
            BIT     0020H.2   0000H.1   UNIT         ?BI?_FLASH_BYTEREAD?DRV_MEM
            BIT     0020H.3   0000H.1   UNIT         ?BI?_FLASH_PAGEERASE?DRV_MEM
                    0020H.4   0000H.4                *** GAP ***
            DATA    0021H     0002H     UNIT         ?C?LIB_DATA
            IDATA   0023H     0029H     UNIT         ?ID?TPMC
            IDATA   004CH     0003H     UNIT         ?ID?IL
            IDATA   004FH     0001H     UNIT         ?ID?CAN_DRV
            IDATA   0050H     0001H     UNIT         ?STACK

            * * * * * * *  X D A T A   M E M O R Y  * * * * * * *
            XDATA   0000H     0231H     UNIT         ?XD?MGR_DIAG
            XDATA   0231H     0160H     UNIT         ?XD?DESC
            XDATA   0391H     0107H     UNIT         ?XD?_DIAG_WRITE_TRANSFER_DATA?MGR_DIAG
            XDATA   0498H     00E6H     UNIT         ?XD?DRV_TIMER
            XDATA   057EH     0069H     UNIT         ?XD?MGR_COMM
            XDATA   05E7H     0065H     UNIT         ?XD?CAN_DRV
            XDATA   064CH     0040H     UNIT         ?XD?_APPLDESCWRITEMEMORYBYADDRESS?APPDESC
            XDATA   068CH     003FH     UNIT         ?XD?FLASH_DTC_WRITE?MGR_DIAG
            XDATA   06CBH     003BH     UNIT         ?XD?MAIN
            XDATA   0706H     0036H     UNIT         ?XD?MGR_ISP
            XDATA   073CH     002FH     UNIT         ?XD?_DIAG_WRITE_SYS?MGR_DIAG
            XDATA   076BH     002DH     UNIT         ?XD?_SYS_FLASH_READ?MGR_DIAG
            XDATA   0798H     0029H     UNIT         ?XD?DRV_CAN
            XDATA   07C1H     0024H     UNIT         ?XD?FLASH_ONESPEC_WRITE?MGR_COMM
            XDATA   07E5H     0023H     UNIT         ?XD?_DIAG_READ_ADDRESS?MGR_DIAG
            XDATA   0808H     0023H     UNIT         ?XD?DRV_PAR
            XDATA   082BH     0022H     UNIT         ?XD?FLASH_DTC_READ?MGR_DIAG
            XDATA   084DH     001DH     UNIT         ?XD?_DIAG_READ_SYS?MGR_DIAG
            XDATA   086AH     0013H     UNIT         ?XD?_APPLDESCREADDIDCAMERA_RECORD_DATA_IDENTIFIER?APPDESC
            XDATA   087DH     0012H     UNIT         ?XD?DRV_I2C
            XDATA   088FH     0011H     UNIT         ?XD?IL
            XDATA   08A0H     0010H     UNIT         ?XD?FLASH_ONESPEC_READ?MGR_COMM
            XDATA   08B0H     000FH     UNIT         ?XD?_APPLDESCREADDIDCANDATABASVERSIONIDENTIFIER?APPDESC
            XDATA   08BFH     000DH     UNIT         ?XD?_APPLDESCREADDIDOEMSPAREPARTNUMBERDATAIDENTIFIER?APPDESC
            XDATA   08CCH     000CH     UNIT         ?XD?_DESCFINDSVCINST?DESC
            XDATA   08D8H     000BH     UNIT         ?XD?_FLASH_WRITE?DRV_SPI
            XDATA   08E3H     000BH     UNIT         ?XD?_DIAG_EXTRA_DATA_PROCESS?MGR_DIAG
            XDATA   08EEH     000BH     UNIT         ?XD?_FLASH_WRITE_BUF?DRV_MEM
            XDATA   08F9H     000BH     UNIT         ?XD?_FLASH_READ_BUF?DRV_MEM
            XDATA   0904H     000BH     UNIT         ?XD?_APPLDESCREADDIDECUMANUFACTURINGDATEDATAIDENTIFIER?APPDESC
            XDATA   090FH     000BH     UNIT         ?XD?_APPLDESCRTNCTRLSTARTERASE_MEMORY?APPDESC
            XDATA   091AH     000BH     UNIT         ?XD?_APPLDESCRTNCTRLSTOPERASE_MEMORY?APPDESC
            XDATA   0925H     000AH     UNIT         ?XD?_COMM_I2C_RX?MGR_COMM
            XDATA   092FH     000AH     UNIT         ?XD?TPTXPRECANTRANSMIT?TPMC
BL51 BANKED LINKER/LOCATER V6.22                                                      11/17/2023  15:14:24  PAGE 4


            XDATA   0939H     0009H     UNIT         ?XD?CANHL_RECEIVEDRXHANDLE?CAN_DRV
            XDATA   0942H     0009H     UNIT         ?XD?APPDESC
            XDATA   094BH     0009H     UNIT         ?XD?_DESCUSDTNETISOTPTRANSMITRESPONSE?DESC
            XDATA   0954H     0009H     UNIT         ?XD?DESCDISPATCHER?DESC
            XDATA   095DH     0008H     UNIT         ?XD?TEMPERATURE_COMPUTE?MAIN
            XDATA   0965H     0008H     UNIT         ?XD?_COMM_I2C_TX?MGR_COMM
            XDATA   096DH     0008H     UNIT         ?XD?_CAN_RX_SAS_PROCESS?DRV_CAN
            XDATA   0975H     0008H     UNIT         ?XD?_CANHL_TXCONFIRMATION?CAN_DRV
            XDATA   097DH     0008H     UNIT         ?XD?NM_BASIC
            XDATA   0985H     0008H     UNIT         ?XD?_SECM_SERIALIZER?APPDESC
            XDATA   098DH     0008H     UNIT         ?XD?_DESCGETSESSIONTIMINGS?DESC
            XDATA   0995H     0007H     UNIT         ?XD?_I2C_MASTER_WRITE?DRV_I2C
            XDATA   099CH     0007H     UNIT         ?XD?_FLASH_BYTEWRITE?DRV_MEM
            XDATA   09A3H     0007H     UNIT         ?XD?SECM_COMPUTEKEY?APPDESC
            XDATA   09AAH     0007H     UNIT         ?XD?_APPLDESCSECURITYACCESSCHECKKEY?APPDESC
            XDATA   09B1H     0006H     UNIT         ?XD?_FLASH_PAGEERASE?DRV_MEM
            XDATA   09B7H     0006H     UNIT         ?XD?_CANINIT?CAN_DRV
            XDATA   09BDH     0006H     UNIT         ?XD?_APPLDESCREADDIDSYSTEMSUPPLIERECUHARDWAREVERSIONNUMBERDATAIDENT
>> IFIER?APPDESC
            XDATA   09C3H     0006H     UNIT         ?XD?_APPLDESCREADDIDSYSTEMSUPPLIERECUSOFTWAREVERSIONNUMBERDATAIDENT
>> IFIER?APPDESC
            XDATA   09C9H     0006H     UNIT         ?XD?_DESCGETBUFFER?DESC
            XDATA   09CFH     0005H     UNIT         ?XD?_I2C_MASTER_READ?DRV_I2C
            XDATA   09D4H     0005H     UNIT         ?XD?_DIAG_CALIBRATION_MODE?MGR_DIAG
            XDATA   09D9H     0005H     UNIT         ?XD?ISP_PARKING_ASSIST_VIEW?MGR_ISP
            XDATA   09DEH     0005H     UNIT         ?XD?ILRXTIMERTASK?IL
            XDATA   09E3H     0005H     UNIT         ?XD?_TPTRANSMIT?TPMC
            XDATA   09E8H     0005H     UNIT         ?XD?_APPLDESCREADDTCRDTCBSM?APPDESC
            XDATA   09EDH     0005H     UNIT         ?XD?_APPLDESCSECURITYACCESSGETSEED?APPDESC
            XDATA   09F2H     0005H     UNIT         ?XD?_DESCGETSESSIONSTATEOFSESSIONID?DESC
            XDATA   09F7H     0005H     UNIT         ?XD?_DESCOEMCOMMONCOMMCTRL?DESC
            XDATA   09FCH     0005H     UNIT         ?XD?_DESCOEMSECURITYKEY?DESC
            XDATA   0A01H     0004H     UNIT         ?XD?_FLASH_ERASESECTOR?DRV_SPI
            XDATA   0A05H     0004H     UNIT         ?XD?OPERATE_DIAGTASK?MGR_DIAG
            XDATA   0A09H     0004H     UNIT         ?XD?_CANCANCELTRANSMIT?CAN_DRV
            XDATA   0A0DH     0004H     UNIT         ?XD?_CANFULLCANMSGRECEIVED?CAN_DRV
            XDATA   0A11H     0004H     UNIT         ?XD?_TPPRECOPY?TPMC
            XDATA   0A15H     0004H     UNIT         ?XD?TPTXSTATETASK?TPMC
            XDATA   0A19H     0004H     UNIT         ?XD?TPRXSTATETASK?TPMC
            XDATA   0A1DH     0004H     UNIT         ?XD?_TPFUNCPRECOPY?TPMC
            XDATA   0A21H     0004H     UNIT         ?XD?_APPLDESCONTRANSITIONSESSION?APPDESC
            XDATA   0A25H     0004H     UNIT         ?XD?_APPLDESCONTRANSITIONSECURITYACCESS?APPDESC
            XDATA   0A29H     0004H     UNIT         ?XD?_APPLDESCTRANSFERDATA?APPDESC
            XDATA   0A2DH     0004H     UNIT         ?XD?_APPLDESCCHECKSESSIONTRANSITION?APPDESC
            XDATA   0A31H     0004H     UNIT         ?XD?_DESCGETFUNCBUFFER?DESC
            XDATA   0A35H     0004H     UNIT         ?XD?_DESCUSDTNETABSFINISHRECEPTION?DESC
            XDATA   0A39H     0004H     UNIT         ?XD?_DESCONTRANSITIONSTATESESSION?DESC
            XDATA   0A3DH     0004H     UNIT         ?XD?_DESCGETSVCINSTREQHEADEXT?DESC
            XDATA   0A41H     0004H     UNIT         ?XD?DESCFINALPROCESSINGDONE?DESC
            XDATA   0A45H     0004H     UNIT         ?XD?_DESCOEMENABLECOMMUNICATION?DESC
            XDATA   0A49H     0004H     UNIT         ?XD?_DESCROUTINECONTROLBYIDENTIFIER?DESC
            XDATA   0A4DH     0004H     UNIT         ?XD?DESCPIDDISPATCHER?DESC
            XDATA   0A51H     0003H     UNIT         ?XD?_WAIT_MS?DRV_TIMER
            XDATA   0A54H     0003H     UNIT         ?XD?_DELAY_TIME_SET?DRV_TIMER
            XDATA   0A57H     0003H     UNIT         ?XD?_IS_CHATTERING?DRV_CAN
            XDATA   0A5AH     0003H     UNIT         ?XD?_CAN_RX_DATA_G_SEL_DISP_PROCESS?DRV_CAN
            XDATA   0A5DH     0003H     UNIT         ?XD?_CAN_RX_DATA_IGN_SW_PROCESS?DRV_CAN
BL51 BANKED LINKER/LOCATER V6.22                                                      11/17/2023  15:14:24  PAGE 5


            XDATA   0A60H     0003H     UNIT         ?XD?_CAN_RX_DATA_RVM_CAMERAOFF_PROCESS?DRV_CAN
            XDATA   0A63H     0003H     UNIT         ?XD?_CAN_RX_DATA_FCZC_RVM_SW_PROCESS?DRV_CAN
            XDATA   0A66H     0003H     UNIT         ?XD?_CAN_RX_DATA_4WD_ERR_PROCESS?DRV_CAN
            XDATA   0A69H     0003H     UNIT         ?XD?_CAN_RX_DATA_ENG_VOL_PROCESS?DRV_CAN
            XDATA   0A6CH     0003H     UNIT         ?XD?_CAN_RX_DATA_PROCESS?DRV_CAN
            XDATA   0A6FH     0003H     UNIT         ?XD?_READ_GUIDE_VALUE?DRV_SPI
            XDATA   0A72H     0003H     UNIT         ?XD?ISP_INTERINIT?MGR_ISP
            XDATA   0A75H     0003H     UNIT         ?XD?_OVERLAY_GUIDELINE?MGR_ISP
            XDATA   0A78H     0003H     UNIT         ?XD?_WARNING_MSG?MGR_ISP
            XDATA   0A7BH     0003H     UNIT         ?XD?DRV_ADC
            XDATA   0A7EH     0003H     UNIT         ?XD?_CANLL_HANDLEILLIRPTNUMBER?CAN_DRV
            XDATA   0A81H     0003H     UNIT         ?XD?CAN_CELLISR?CAN_DRV
            XDATA   0A84H     0003H     UNIT         ?XD?ILTXSTATETASK?IL
            XDATA   0A87H     0003H     UNIT         ?XD?_APPLDESCFATALERROR?APPDESC
            XDATA   0A8AH     0003H     UNIT         ?XD?_APPLDESCECURESETHARD?APPDESC
            XDATA   0A8DH     0003H     UNIT         ?XD?_APPLDESCECURESETSOFT?APPDESC
            XDATA   0A90H     0003H     UNIT         ?XD?_APPLDESCCLEARDIAGINFO?APPDESC
            XDATA   0A93H     0003H     UNIT         ?XD?_APPLDESCREADMEMORYBYADDRESS?APPDESC
            XDATA   0A96H     0003H     UNIT         ?XD?_APPLDESCREQUESTDOWNLOAD?APPDESC
            XDATA   0A99H     0003H     UNIT         ?XD?_APPLDESCREQUESTTRANSFEREXIT?APPDESC
            XDATA   0A9CH     0003H     UNIT         ?XD?_APPLDESCCONTROLDTCSETTINGENABLE?APPDESC
            XDATA   0A9FH     0003H     UNIT         ?XD?_APPLDESCCONTROLDTCSETTINGDISABLE?APPDESC
            XDATA   0AA2H     0003H     UNIT         ?XD?_APPLDESCCHECKCOMMCTRL?APPDESC
            XDATA   0AA5H     0003H     UNIT         ?XD?_APPLDESCSETCOMMMODEONRXPATH?APPDESC
            XDATA   0AA8H     0003H     UNIT         ?XD?_APPLDESCREADDIDCAMERA_SYSTEM_ON_TIME?APPDESC
            XDATA   0AABH     0003H     UNIT         ?XD?_APPLDESCREADDIDCAMERA_OPERATING_TIME_AND_SYSTEM_ON?APPDESC
            XDATA   0AAEH     0003H     UNIT         ?XD?_APPLDESCREADDIDCAMERA_WARNING_TEXT_LANGUAGE?APPDESC
            XDATA   0AB1H     0003H     UNIT         ?XD?_APPLDESCREADDIDCAMERA_RESET_COUNTER?APPDESC
            XDATA   0AB4H     0003H     UNIT         ?XD?_APPLDESCRTNCTRLSTARTCAMERA_GUIDELINE_OFF?APPDESC
            XDATA   0AB7H     0003H     UNIT         ?XD?_DESCUSDTNETISOTPPREPARERESPONSE?DESC
            XDATA   0ABAH     0003H     UNIT         ?XD?_DESCUSDTNETISOTPCOPYTOCAN?DESC
            XDATA   0ABDH     0003H     UNIT         ?XD?_DESCUSDTNETISOTPRELEASEINFOPOOL?DESC
            XDATA   0AC0H     0003H     UNIT         ?XD?_DESCISTESTERPRESENT?DESC
            XDATA   0AC3H     0003H     UNIT         ?XD?_DESCUSDTNETABSFINISHTRANSMISSION?DESC
            XDATA   0AC6H     0003H     UNIT         ?XD?_DESCGETSESSIONIDOFSESSIONSTATE?DESC
            XDATA   0AC9H     0003H     UNIT         ?XD?_DESCOEMPROCESSTESTERPRESENT?DESC
            XDATA   0ACCH     0003H     UNIT         ?XD?_DESCOEMCOMMONCOMMCTRLPROCESS?DESC
            XDATA   0ACFH     0003H     UNIT         ?XD?_DESCOEMCOMMONSESSIONPOSTPROCESSING?DESC
            XDATA   0AD2H     0002H     UNIT         ?XD?MAIN?MAIN
            XDATA   0AD4H     0002H     UNIT         ?XD?_DELAY_TIME_GET?DRV_TIMER
            XDATA   0AD6H     0002H     UNIT         ?XD?SMB_WRITE?DRV_I2C
            XDATA   0AD8H     0002H     UNIT         ?XD?SMB_READ?DRV_I2C
            XDATA   0ADAH     0002H     UNIT         ?XD?COMM_ERROR_CHECK?MGR_COMM
            XDATA   0ADCH     0002H     UNIT         ?XD?_ISR_SAS?DRV_CAN
            XDATA   0ADEH     0002H     UNIT         ?XD?_ISR_HUTYPE?DRV_CAN
            XDATA   0AE0H     0002H     UNIT         ?XD?_ISR_NAVIONOFF?DRV_CAN
            XDATA   0AE2H     0002H     UNIT         ?XD?_ISR_COUNTRYCFG?DRV_CAN
            XDATA   0AE4H     0002H     UNIT         ?XD?_ISR_LANGUAGEINFO?DRV_CAN
            XDATA   0AE6H     0002H     UNIT         ?XD?_ISR_MDPSTYPE?DRV_CAN
            XDATA   0AE8H     0002H     UNIT         ?XD?_ISR_RVMCAMERAOFF?DRV_CAN
            XDATA   0AEAH     0002H     UNIT         ?XD?_ISR_IGNSW?DRV_CAN
            XDATA   0AECH     0002H     UNIT         ?XD?_ISR_FCZCRVMSW?DRV_CAN
            XDATA   0AEEH     0002H     UNIT         ?XD?_ISR_GSELPDISP?DRV_CAN
            XDATA   0AF0H     0002H     UNIT         ?XD?_ISR_ENGVOL?DRV_CAN
            XDATA   0AF2H     0002H     UNIT         ?XD?_ISR_WD4ERR?DRV_CAN
            XDATA   0AF4H     0002H     UNIT         ?XD?DRV_SPI
            XDATA   0AF6H     0002H     UNIT         ?XD?DIAG_GET_TIME?MGR_DIAG
BL51 BANKED LINKER/LOCATER V6.22                                                      11/17/2023  15:14:24  PAGE 6


            XDATA   0AF8H     0002H     UNIT         ?XD?DRV_MEM
            XDATA   0AFAH     0002H     UNIT         ?XD?_ISP_VIEW_MODE_CHANGE?MGR_ISP
            XDATA   0AFCH     0002H     UNIT         ?XD?_SENSOR_XY_OFFSET_SET?MGR_ISP
            XDATA   0AFEH     0002H     UNIT         ?XD?ILINIT?IL
            XDATA   0B00H     0002H     UNIT         ?XD?_APPLCANINIT?NM_BASIC
            XDATA   0B02H     0002H     UNIT         ?XD?_TPTXINIT?TPMC
            XDATA   0B04H     0002H     UNIT         ?XD?_TPDRVCONFIRMATION?TPMC
            XDATA   0B06H     0002H     UNIT         ?XD?VSTDLIB
            XDATA   0B08H     0002H     UNIT         ?XD?_CANRXHU_MON_PE_01INDICATIONFCT?CAN_PAR
            XDATA   0B0AH     0002H     UNIT         ?XD?_CANRXCGW4INDICATIONFCT?CAN_PAR
            XDATA   0B0CH     0002H     UNIT         ?XD?_CANRXCGW2INDICATIONFCT?CAN_PAR
            XDATA   0B0EH     0002H     UNIT         ?XD?_CANRXCLU15INDICATIONFCT?CAN_PAR
            XDATA   0B10H     0002H     UNIT         ?XD?_CANRXMDPS11INDICATIONFCT?CAN_PAR
            XDATA   0B12H     0002H     UNIT         ?XD?_CANRXSAS1INDICATIONFCT?CAN_PAR
            XDATA   0B14H     0002H     UNIT         ?XD?CHECKTABLECONSISTENCY?DESC
            XDATA   0B16H     0002H     UNIT         ?XD?_DESCPHYSREQIND?DESC
            XDATA   0B18H     0002H     UNIT         ?XD?_DESCFUNCREQIND?DESC
            XDATA   0B1AH     0002H     UNIT         ?XD?_DESCSETSTATESESSION?DESC
            XDATA   0B1CH     0002H     UNIT         ?XD?_DESCSETSTATESECURITYACCESS?DESC
            XDATA   0B1EH     0002H     UNIT         ?XD?_DESCSETSTATE?DESC
            XDATA   0B20H     0002H     UNIT         ?XD?_DESCOEMPREPARESESSIONCONTROL?DESC
            XDATA   0B22H     0002H     UNIT         ?XD?_DESCOEMSECURITYSEED?DESC
            XDATA   0B24H     0002H     UNIT         ?XD?_DESCPMGETPIDPOOLHANDLE?DESC
            XDATA   0B26H     0002H     UNIT         ?XD?ILGETRXSAS_ANGLE?IL_PAR
            XDATA   0B28H     0001H     UNIT         ?XD?TIMER2_ISR?MAIN
            XDATA   0B29H     0001H     UNIT         ?XD?ADC_ISR?MAIN
            XDATA   0B2AH     0001H     UNIT         ?XD?DRV_MCU
            XDATA   0B2BH     0001H     UNIT         ?XD?MGR_MCU
            XDATA   0B2CH     0001H     UNIT         ?XD?OPERATE_MCUTASK?MGR_MCU
            XDATA   0B2DH     0001H     UNIT         ?XD?INIT_COMMTASK?MGR_COMM
            XDATA   0B2EH     0001H     UNIT         ?XD?OPERATE_COMMTASK?MGR_COMM
            XDATA   0B2FH     0001H     UNIT         ?XD?APPLNMBASICFIRSTBUSOFFSLOW?DRV_CAN
            XDATA   0B30H     0001H     UNIT         ?XD?_SPI_MASTER_READ?DRV_SPI
            XDATA   0B31H     0001H     UNIT         ?XD?_SPI_MASTER_WRITE?DRV_SPI
            XDATA   0B32H     0001H     UNIT         ?XD?CHECK_FLASH_ID?DRV_SPI
            XDATA   0B33H     0001H     UNIT         ?XD?_RECORD_DTC_ERROR?MGR_DIAG
            XDATA   0B34H     0001H     UNIT         ?XD?OPERATE_ISPTASK?MGR_ISP
            XDATA   0B35H     0001H     UNIT         ?XD?CHECK_ISP_INITSTATE?MGR_ISP
            XDATA   0B36H     0001H     UNIT         ?XD?FRAME_VALIDE_CHECK?MGR_ISP
            XDATA   0B37H     0001H     UNIT         ?XD?VIDEO_SIGNAL_CHECK?MGR_ISP
            XDATA   0B38H     0001H     UNIT         ?XD?DOORBELLCHECK?MGR_ISP
            XDATA   0B39H     0001H     UNIT         ?XD?CHECKCOMMANDSTATUSLOOP?MGR_ISP
            XDATA   0B3AH     0001H     UNIT         ?XD?_FIXED_GUIDLINE_ON?MGR_ISP
            XDATA   0B3BH     0001H     UNIT         ?XD?CANHL_ERRORHANDLING?CAN_DRV
            XDATA   0B3CH     0001H     UNIT         ?XD?CANONLINE?CAN_DRV
            XDATA   0B3DH     0001H     UNIT         ?XD?_CANSETPARTOFFLINE?CAN_DRV
            XDATA   0B3EH     0001H     UNIT         ?XD?_CANSETPARTONLINE?CAN_DRV
            XDATA   0B3FH     0001H     UNIT         ?XD?CANSTOP?CAN_DRV
            XDATA   0B40H     0001H     UNIT         ?XD?CANSTART?CAN_DRV
            XDATA   0B41H     0001H     UNIT         ?XD?_ILSENDMESSAGE?IL
            XDATA   0B42H     0001H     UNIT         ?XD?ILRXSTART?IL
            XDATA   0B43H     0001H     UNIT         ?XD?ILTXSTART?IL
            XDATA   0B44H     0001H     UNIT         ?XD?ILRXRELEASE?IL
            XDATA   0B45H     0001H     UNIT         ?XD?ILTXTIMERTASK?IL
            XDATA   0B46H     0001H     UNIT         ?XD?_APPLCANTXOBJSTART?NM_BASIC
            XDATA   0B47H     0001H     UNIT         ?XD?_APPLCANTXOBJCONFIRMED?NM_BASIC
            XDATA   0B48H     0001H     UNIT         ?XD?_TPRXINIT?TPMC
BL51 BANKED LINKER/LOCATER V6.22                                                      11/17/2023  15:14:24  PAGE 7


            XDATA   0B49H     0001H     UNIT         ?XD?DESCUSDTNETISOTPINIT?DESC
            XDATA   0B4AH     0001H     UNIT         ?XD?_DESCRXERRORINDICATION?DESC
            XDATA   0B4BH     0001H     UNIT         ?XD?_DESCGETSVCINSTRESHEADEXT?DESC
            XDATA   0B4CH     0001H     UNIT         ?XD?_DESCINITPOWERON?DESC
            XDATA   0B4DH     0001H     UNIT         ?XD?_DESCINIT?DESC
            XDATA   0B4EH     0001H     UNIT         ?XD?DESCCONTEXTSTATETASK?DESC
            XDATA   0B4FH     0001H     UNIT         ?XD?_DESCDUMMYPOSTHANDLER?DESC
            XDATA   0B50H     0001H     UNIT         ?XD?DESCSECURITYACCESSTIMER?DESC
            XDATA   0B51H     0001H     UNIT         ?XD?_DESCPOSTREADDATABYIDENTIFIER?DESC

            * * * * * * *   C O D E   M E M O R Y   * * * * * * *
                    0000H     00C3H                  *** GAP ***
            CODE    00C3H     0003H     ABSOLUTE     
                    00C6H     3F3AH                  *** GAP ***
            CODE    4000H     0003H     ABSOLUTE     
            CODE    4003H     000FH     UNIT         ?PR?EXINTERRUPT_INIT?DRV_MCU
                    4012H     0001H                  *** GAP ***
            CODE    4013H     0003H     ABSOLUTE     
            CODE    4016H     0015H     UNIT         ?PR?CANSTART?CAN_DRV
            CODE    402BH     0003H     ABSOLUTE     
            CODE    402EH     000CH     UNIT         ?BANK?SELECT
                    403AH     0001H                  *** GAP ***
            CODE    403BH     0003H     ABSOLUTE     
            CODE    403EH     000CH     UNIT         ?PR?_ABS?ABS
                    404AH     0001H                  *** GAP ***
            CODE    404BH     0003H     ABSOLUTE     
            CODE    404EH     001DH     UNIT         ?PR?TIMER3_ISR?DRV_I2C
            CODE    406BH     0003H     ABSOLUTE     
            CODE    406EH     0862H     UNIT         ?C?LIB_CODE
            CODE    48D0H     0422H     UNIT         ?PR?_?CANCOPYDATAANDSTARTTRANSMISSION?CAN_DRV
            CODE    4CF2H     03BCH     UNIT         ?C_INITSEG
            CODE    50AEH     0385H     UNIT         ?CO?DESC
            CODE    5433H     00C5H     UNIT         ?PR?CAN_CELLISR?CAN_DRV
            CODE    54F8H     0008H     UNIT         ?PR?_?CANGETSTATUS?CAN_DRV
            CODE    5500H     02F2H     PAGE         ?BANK?SWITCH
            CODE    57F2H     027BH     UNIT         ?PR?_CANHL_TXCONFIRMATION?CAN_DRV
            CODE    5A6DH     026DH     UNIT         ?PR?_CANINIT?CAN_DRV
            CODE    5CDAH     0209H     UNIT         ?PR?_?CANTRANSMIT?CAN_DRV
            CODE    5EE3H     01C6H     UNIT         ?CO?MGR_DIAG
            CODE    60A9H     0192H     UNIT         ?PR?CANHL_RECEIVEDRXHANDLE?CAN_DRV
            CODE    623BH     0175H     UNIT         ?PR?ADC_ISR?MAIN
            CODE    63B0H     014DH     UNIT         ?PR?TIMER2_ISR?MAIN
            CODE    64FDH     0147H     UNIT         ?PR?_CANFULLCANMSGRECEIVED?CAN_DRV
            CODE    6644H     013CH     UNIT         ?PR?_?CANDELQUEUEDOBJ?CAN_DRV
            CODE    6780H     0110H     UNIT         ?PR?TEMPERATURE_COMPUTE?MAIN
            CODE    6890H     0110H     UNIT         ?PR?SMBUS0_ISR?DRV_I2C
            CODE    69A0H     00EAH     UNIT         ?PR?_CANCANCELTRANSMIT?CAN_DRV
            CODE    6A8AH     00BBH     UNIT         ?PR?_I2C_MASTER_READ?DRV_I2C
            CODE    6B45H     00B4H     UNIT         ?PR?_CANLL_TXISHWOBJFREE?CAN_DRV
            CODE    6BF9H     0092H     UNIT         ?C_C51STARTUP
            CODE    6C8BH     0087H     UNIT         ?CO?CAN_PAR
            CODE    6D12H     006FH     UNIT         ?PR?MAIN?MAIN
            CODE    6D81H     0052H     UNIT         ?PR?_I2C_MASTER_WRITE?DRV_I2C
            CODE    6DD3H     004DH     UNIT         ?PR?_?CANCANINTERRUPTDISABLE?CAN_DRV
            CODE    6E20H     004BH     UNIT         ?PR?SMB_READ?DRV_I2C
            CODE    6E6BH     004BH     UNIT         ?PR?CANINITPOWERON?CAN_DRV
            CODE    6EB6H     004AH     UNIT         ?PR?SMB_WRITE?DRV_I2C
BL51 BANKED LINKER/LOCATER V6.22                                                      11/17/2023  15:14:24  PAGE 8


            CODE    6F00H     004AH     UNIT         ?PR?_?CANCANINTERRUPTRESTORE?CAN_DRV
            CODE    6F4AH     0047H     UNIT         ?PR?_?CANLL_HWISPASSIVE?CAN_DRV
            CODE    6F91H     0047H     UNIT         ?PR?_?CANLL_HWISWARNING?CAN_DRV
            CODE    6FD8H     0044H     UNIT         ?PR?_DEVICE_INIT?DRV_MCU
            CODE    701CH     0044H     UNIT         ?PR?SMBUS0_INIT?DRV_I2C
            CODE    7060H     0044H     UNIT         ?C?LDIV
            CODE    70A4H     0041H     UNIT         ?PR?_?CANLL_HWISSTOP?CAN_DRV
            CODE    70E5H     003CH     UNIT         ?PR?_?CANTXGETACTHANDLE?CAN_DRV
            CODE    7121H     0037H     UNIT         ?PR?CANHL_ERRORHANDLING?CAN_DRV
            CODE    7158H     0035H     UNIT         ?PR?_?CANRXACTUALERRORCOUNTER?CAN_DRV
            CODE    718DH     0035H     UNIT         ?PR?_?CANTXACTUALERRORCOUNTER?CAN_DRV
            CODE    71C2H     0034H     UNIT         ?PR?_CANLL_HANDLEILLIRPTNUMBER?CAN_DRV
            CODE    71F6H     002FH     UNIT         ?PR?_CANHL_INDRXHANDLE?CAN_DRV
            CODE    7225H     002FH     UNIT         ?PR?_?CANOFFLINE?CAN_DRV
            CODE    7254H     0027H     UNIT         ?PR?CANSTOP?CAN_DRV
            CODE    727BH     0025H     UNIT         ?PR?PORT_INIT?DRV_MCU
            CODE    72A0H     0025H     UNIT         ?CO?IL_PAR
            CODE    72C5H     001BH     UNIT         ?PR?CANISR_0?CAN_DRV
            CODE    72E0H     001BH     UNIT         ?CO?CAN_DRV
            CODE    72FBH     001AH     UNIT         ?PR?CANONLINE?CAN_DRV
            CODE    7315H     0019H     UNIT         ?PR?_CANSETPARTOFFLINE?CAN_DRV
            CODE    732EH     0019H     UNIT         ?PR?_CANSETPARTONLINE?CAN_DRV
            CODE    7347H     0018H     UNIT         ?CO?MGR_COMM
            CODE    735FH     0014H     UNIT         ?PR?CANSLEEP?CAN_DRV
            CODE    7373H     0013H     UNIT         ?PR?INT1_ISR?DRV_MCU
            CODE    7386H     0012H     UNIT         ?CO?V_PAR
            CODE    7398H     000AH     UNIT         ?PR?OSC_INIT?DRV_MCU
            CODE    73A2H     000AH     UNIT         ?PR?FRAME_SYNC_STATUS?DRV_MCU
            CODE    73ACH     0006H     UNIT         ?PR?CANGETPARTMODE?CAN_DRV
            CODE    73B2H     0004H     UNIT         ?PR?VDD_MONITOR_INIT?DRV_MCU
            CODE    73B6H     0004H     UNIT         ?PR?RSTSRC_INIT?DRV_MCU
            CODE    73BAH     0004H     UNIT         ?PR?MCU_RESET?DRV_MCU
            CODE    73BEH     0003H     UNIT         ?PR?CANWAKEUP?CAN_DRV
            CODE    73C1H     0003H     UNIT         ?CO?IL
            CODE    73C4H     0003H     UNIT         ?CO?NM_BASIC
            CODE    73C7H     0003H     UNIT         ?CO?SIP_VERS
            CODE    73CAH     0003H     UNIT         ?CO?TPMC
            CODE    73CDH     0003H     UNIT         ?CO?VSTDLIB
            CODE    73D0H     0002H     UNIT         ?CO?MGR_ISP

            * * * * * * *   C O D E   B A N K   0   * * * * * * *
                    0000H     7FF0H                  *** GAP ***
            BANK0   7FF0H     0004H     UNIT         ?CO?F50X_TARGET_APP_INFOBLOCK

            * * * * * * *   C O D E   B A N K   1   * * * * * * *
                    0000H     8000H                  *** GAP ***
            BANK1   8000H     0759H     UNIT         ?PR?_TPPRECOPY?TPMC
            BANK1   8759H     0597H     UNIT         ?PR?_DIAG_WRITE_TRANSFER_DATA?MGR_DIAG
            BANK1   8CF0H     0405H     UNIT         ?PR?_ISP_VIEW_MODE_CHANGE?MGR_ISP
            BANK1   90F5H     03FDH     UNIT         ?PR?_DIAG_READ_SYS?MGR_DIAG
            BANK1   94F2H     03B5H     UNIT         ?PR?_CAN_RX_SAS_PROCESS?DRV_CAN
            BANK1   98A7H     0313H     UNIT         ?PR?DESCDISPATCHER?DESC
            BANK1   9BBAH     022EH     UNIT         ?PR?ILINIT?IL
            BANK1   9DE8H     021EH     UNIT         ?PR?_DIAG_READ_ADDRESS?MGR_DIAG
            BANK1   A006H     01FFH     UNIT         ?PR?FLASH_ONESPEC_WRITE?MGR_COMM
            BANK1   A205H     01F8H     UNIT         ?PR?_DIAG_CALIBRATION_MODE?MGR_DIAG
            BANK1   A3FDH     01B6H     UNIT         ?PR?FLASH_DTC_WRITE?MGR_DIAG
BL51 BANKED LINKER/LOCATER V6.22                                                      11/17/2023  15:14:24  PAGE 9


            BANK1   A5B3H     019BH     UNIT         ?PR?_DIAG_EXTRA_DATA_PROCESS?MGR_DIAG
            BANK1   A74EH     0185H     UNIT         ?PR?_SYS_FLASH_READ?MGR_DIAG
            BANK1   A8D3H     017BH     UNIT         ?PR?DESCCONTEXTSTATETASK?DESC
            BANK1   AA4EH     017AH     UNIT         ?PR?_DESCROUTINECONTROLBYIDENTIFIER?DESC
            BANK1   ABC8H     0179H     UNIT         ?PR?_RECORD_DTC_ERROR?MGR_DIAG
            BANK1   AD41H     0179H     UNIT         ?PR?ILTXTIMERTASK?IL
            BANK1   AEBAH     016AH     UNIT         ?PR?DESCFINALPROCESSINGDONE?DESC
            BANK1   B024H     014FH     UNIT         ?PR?_DESCOEMCOMMONCOMMCTRL?DESC
            BANK1   B173H     014DH     UNIT         ?PR?OPERATE_DIAGTASK?MGR_DIAG
            BANK1   B2C0H     0145H     UNIT         ?PR?TPTXPRECANTRANSMIT?TPMC
            BANK1   B405H     0142H     UNIT         ?PR?_DESCFINDSVCINST?DESC
            BANK1   B547H     0133H     UNIT         ?PR?_WARNING_MSG?MGR_ISP
            BANK1   B67AH     0129H     UNIT         ?PR?_CAN_RX_DATA_ENG_VOL_PROCESS?DRV_CAN
            BANK1   B7A3H     011AH     UNIT         ?PR?ILRXTIMERTASK?IL
            BANK1   B8BDH     0117H     UNIT         ?PR?COMM_REARVIEW_DATA?MGR_COMM
            BANK1   B9D4H     0111H     UNIT         ?PR?_SENSOR_XY_OFFSET_SET?MGR_ISP
            BANK1   BAE5H     0101H     UNIT         ?PR?_FLASH_WRITE?DRV_SPI
            BANK1   BBE6H     0101H     UNIT         ?PR?DESCPIDDISPATCHER?DESC
            BANK1   BCE7H     00FBH     UNIT         ?PR?FLASH_DTC_READ?MGR_DIAG
            BANK1   BDE2H     00FAH     UNIT         ?PR?_IS_CHATTERING?DRV_CAN
            BANK1   BEDCH     00FAH     UNIT         ?PR?ISP_PARKING_ASSIST_VIEW?MGR_ISP
            BANK1   BFD6H     00F9H     UNIT         ?PR?_OVERLAY_GUIDELINE?MGR_ISP
            BANK1   C0CFH     00F8H     UNIT         ?PR?TPRXSTATETASK?TPMC
            BANK1   C1C7H     00F7H     UNIT         ?PR?TPTXSTATETASK?TPMC
            BANK1   C2BEH     00F5H     UNIT         ?PR?_TPFUNCPRECOPY?TPMC
            BANK1   C3B3H     00F3H     UNIT         ?PR?CHECKTABLECONSISTENCY?DESC
            BANK1   C4A6H     00F0H     UNIT         ?PR?_DESCUSDTNETISOTPTRANSMITRESPONSE?DESC
            BANK1   C596H     00EFH     UNIT         ?PR?OPERATE_ISPTASK?MGR_ISP
            BANK1   C685H     00DCH     UNIT         ?PR?NMBASICTASK?NM_BASIC
            BANK1   C761H     00DBH     UNIT         ?PR?_FIXED_GUIDLINE_ON?MGR_ISP
            BANK1   C83CH     00DBH     UNIT         ?PR?DESCPIDPROCESSORTASK?DESC
            BANK1   C917H     00D5H     UNIT         ?PR?FLASH_ONESPEC_READ?MGR_COMM
            BANK1   C9ECH     00CEH     UNIT         ?PR?ILTXSTATETASK?IL
            BANK1   CABAH     00C8H     UNIT         ?PR?CHECK_FLASH_ID?DRV_SPI
            BANK1   CB82H     00C6H     UNIT         ?PR?_CAN_RX_DATA_4WD_ERR_PROCESS?DRV_CAN
            BANK1   CC48H     00C6H     UNIT         ?PR?_DIAG_WRITE_SYS?MGR_DIAG
            BANK1   CD0EH     00B6H     UNIT         ?PR?_RECORD_DTC_CLEAR?MGR_DIAG
            BANK1   CDC4H     00B6H     UNIT         ?PR?_DESCSETSTATE?DESC
            BANK1   CE7AH     00B1H     UNIT         ?PR?_DESCGETSESSIONSTATEOFSESSIONID?DESC
            BANK1   CF2BH     00ABH     UNIT         ?PR?_DELAY_TIME_SET?DRV_TIMER
            BANK1   CFD6H     00ABH     UNIT         ?PR?_FLASH_ERASESECTOR?DRV_SPI
            BANK1   D081H     00ABH     UNIT         ?PR?ISP_INTERINIT?MGR_ISP
            BANK1   D12CH     00A6H     UNIT         ?PR?_DELAY_TIME_GET?DRV_TIMER
            BANK1   D1D2H     00A5H     UNIT         ?PR?_CAN_RX_DATA_IGN_SW_PROCESS?DRV_CAN
            BANK1   D277H     00A5H     UNIT         ?PR?_CAN_RX_DATA_FCZC_RVM_SW_PROCESS?DRV_CAN
            BANK1   D31CH     009DH     UNIT         ?PR?CHECK_ISP_INITSTATE?MGR_ISP
            BANK1   D3B9H     009CH     UNIT         ?PR?_ILSENDMESSAGE?IL
            BANK1   D455H     0097H     UNIT         ?PR?_FLASH_WRITE_BUF?DRV_MEM
            BANK1   D4ECH     0091H     UNIT         ?PR?OPERATE_COMMTASK?MGR_COMM
            BANK1   D57DH     0090H     UNIT         ?PR?ILTXSTART?IL
            BANK1   D60DH     008EH     UNIT         ?PR?_DESCUSDTNETABSFINISHRECEPTION?DESC
            BANK1   D69BH     008BH     UNIT         ?PR?_DESCOEMSECURITYKEY?DESC
            BANK1   D726H     0089H     UNIT         ?PR?_TPTRANSMIT?TPMC
            BANK1   D7AFH     0087H     UNIT         ?PR?CLEAR_CAN_DATA?MGR_COMM
            BANK1   D836H     0084H     UNIT         ?PR?INIT_ISPTASK?MGR_ISP
            BANK1   D8BAH     0084H     UNIT         ?PR?_DESCGETBUFFER?DESC
            BANK1   D93EH     0084H     UNIT         ?PR?_DESCOEMENABLECOMMUNICATION?DESC
BL51 BANKED LINKER/LOCATER V6.22                                                      11/17/2023  15:14:24  PAGE 10


            BANK1   D9C2H     0080H     UNIT         ?PR?GLOBAL_TIMER_INIT?DRV_TIMER
            BANK1   DA42H     0080H     UNIT         ?PR?_CAN_RX_DATA_G_SEL_DISP_PROCESS?DRV_CAN
            BANK1   DAC2H     0080H     UNIT         ?PR?_?VSTDROMMEMCPY?VSTDLIB
            BANK1   DB42H     007AH     UNIT         ?PR?_DESCGETFUNCBUFFER?DESC
            BANK1   DBBCH     0079H     UNIT         ?PR?_FLASH_READ_BUF?DRV_MEM
            BANK1   DC35H     0078H     UNIT         ?PR?TPTXPOSTPROCESSING?TPMC
            BANK1   DCADH     0074H     UNIT         ?PR?_CAN_RX_DATA_PROCESS?DRV_CAN
            BANK1   DD21H     0074H     UNIT         ?PR?ILRXSTART?IL
            BANK1   DD95H     0072H     UNIT         ?PR?_DESCGETSESSIONIDOFSESSIONSTATE?DESC
            BANK1   DE07H     0071H     UNIT         ?PR?_IS_CHANGE?DRV_CAN
            BANK1   DE78H     0071H     UNIT         ?PR?ILRXRELEASE?IL
            BANK1   DEE9H     0071H     UNIT         ?PR?_DESCPMGETPIDPOOLHANDLE?DESC
            BANK1   DF5AH     0070H     UNIT         ?PR?_DESCOEMSECURITYSEED?DESC
            BANK1   DFCAH     006DH     UNIT         ?PR?_?VSTDRAMMEMCPY?VSTDLIB
            BANK1   E037H     006AH     UNIT         ?PR?CHECKCOMMANDSTATUSLOOP?MGR_ISP
            BANK1   E0A1H     0067H     UNIT         ?PR?_TPTXINIT?TPMC
            BANK1   E108H     0066H     UNIT         ?PR?_?VSTDMEMSETINTERNAL?VSTDLIB
            BANK1   E16EH     0065H     UNIT         ?PR?_DESCSETSTATESECURITYACCESS?DESC
            BANK1   E1D3H     0064H     UNIT         ?PR?_COMM_I2C_RX?MGR_COMM
            BANK1   E237H     0061H     UNIT         ?PR?INIT_COMMTASK?MGR_COMM
            BANK1   E298H     0061H     UNIT         ?PR?_?VSTDMEMCLRINTERNAL?VSTDLIB
            BANK1   E2F9H     0061H     UNIT         ?PR?_DESCISTESTERPRESENT?DESC
            BANK1   E35AH     0061H     UNIT         ?PR?_DESCSETSTATESESSION?DESC
            BANK1   E3BBH     005FH     UNIT         ?PR?_READ_GUIDE_VALUE?DRV_SPI
            BANK1   E41AH     005FH     UNIT         ?PR?DIAG_CALIBRATION_MODE_START?MGR_DIAG
            BANK1   E479H     005FH     UNIT         ?PR?_DESCGETSVCINSTREQHEADEXT?DESC
            BANK1   E4D8H     005EH     UNIT         ?PR?DESCPIDPROCESSINGDONE?DESC
            BANK1   E536H     005CH     UNIT         ?PR?OPERATE_MCUTASK?MGR_MCU
            BANK1   E592H     005BH     UNIT         ?PR?TPTXTASK?TPMC
            BANK1   E5EDH     005BH     UNIT         ?PR?_DESCCHECKSTATE?DESC
            BANK1   E648H     005AH     UNIT         ?PR?_WAIT_MS?DRV_TIMER
            BANK1   E6A2H     005AH     UNIT         ?PR?_DESCREADDATABYIDENTIFIER?DESC
            BANK1   E6FCH     0056H     UNIT         ?PR?_COMM_I2C_TX?MGR_COMM
            BANK1   E752H     0053H     UNIT         ?PR?_DELAY_TIME_EXPIRE?DRV_TIMER
            BANK1   E7A5H     0052H     UNIT         ?PR?_CAN_RX_DATA_RVM_CAMERAOFF_PROCESS?DRV_CAN
            BANK1   E7F7H     0051H     UNIT         ?PR?DOORBELLCHECK?MGR_ISP
            BANK1   E848H     0050H     UNIT         ?PR?_DESCUSDTNETISOTPCOPYTOCAN?DESC
            BANK1   E898H     004EH     UNIT         ?PR?_TPRXINIT?TPMC
            BANK1   E8E6H     004EH     UNIT         ?PR?TPRXTASK?TPMC
            BANK1   E934H     004CH     UNIT         ?PR?DESCHANDLEINTERNRCRRP?DESC
            BANK1   E980H     004BH     UNIT         ?PR?DESCTIMERTASK?DESC
            BANK1   E9CBH     004AH     UNIT         ?PR?_DESCONTRANSITIONSTATESESSION?DESC
            BANK1   EA15H     004AH     UNIT         ?PR?_DESCOEMCOMMONCOMMCTRLPROCESS?DESC
            BANK1   EA5FH     0049H     UNIT         ?PR?_?ILSECUREEVENT?IL
            BANK1   EAA8H     0045H     UNIT         ?PR?VIDEO_SIGNAL_CHECK?MGR_ISP
            BANK1   EAEDH     0043H     UNIT         ?PR?_ILCANCANCELNOTIFICATION?IL
            BANK1   EB30H     0043H     UNIT         ?PR?DESCTRANSMITRCRRP?DESC
            BANK1   EB73H     0042H     UNIT         ?PR?_DESCUSDTNETISOTPRELEASEINFOPOOL?DESC
            BANK1   EBB5H     0041H     UNIT         ?PR?FRAME_COUNT_CHECK?MGR_ISP
            BANK1   EBF6H     0040H     UNIT         ?PR?_DESCPMANALYSEPID?DESC
            BANK1   EC36H     003FH     UNIT         ?PR?_DIAG_READ_DTC?MGR_DIAG
            BANK1   EC75H     003FH     UNIT         ?PR?V_STB_CHECK?MGR_ISP
            BANK1   ECB4H     003CH     UNIT         ?PR?_DESCUSDTNETABSFINISHTRANSMISSION?DESC
            BANK1   ECF0H     003AH     UNIT         ?PR?TPTXINTERNALPREPAREOFCF?TPMC
            BANK1   ED2AH     0038H     UNIT         ?PR?CLEAR_DTC_STRUCT?MGR_DIAG
            BANK1   ED62H     0038H     UNIT         ?PR?GUIDLINE_ON?MGR_ISP
            BANK1   ED9AH     0038H     UNIT         ?PR?_DESCGETSVCINSTRESHEADEXT?DESC
BL51 BANKED LINKER/LOCATER V6.22                                                      11/17/2023  15:14:24  PAGE 11


            BANK1   EDD2H     0037H     UNIT         ?PR?_?ILSETEVENT?IL
            BANK1   EE09H     0037H     UNIT         ?PR?_DESCOEMPREPARESESSIONCONTROL?DESC
            BANK1   EE40H     0036H     UNIT         ?PR?_DESCRIDANALYSEROUTINE?DESC
            BANK1   EE76H     0035H     UNIT         ?PR?GUIDLINE_OFF?MGR_ISP
            BANK1   EEABH     0033H     UNIT         ?PR?DESCSECURITYACCESSKEYCHECKED?DESC
            BANK1   EEDEH     0031H     UNIT         ?PR?INIT_MCUTASK?MGR_MCU
            BANK1   EF0FH     0031H     UNIT         ?PR?_DESCOEMPOSTCOMMONCOMMCTRLPROCESS?DESC
            BANK1   EF40H     0030H     UNIT         ?PR?COMM_ERROR_CHECK?MGR_COMM
            BANK1   EF70H     0030H     UNIT         ?PR?FIXED_GUIDLINE_OFF?MGR_ISP
            BANK1   EFA0H     0030H     UNIT         ?PR?DESCCOMMCTRLMANIPULATECAN?DESC
            BANK1   EFD0H     002CH     UNIT         ?PR?_FLASH_BYTEREAD?DRV_MEM
            BANK1   EFFCH     002CH     UNIT         ?PR?_DESCFINDSVC?DESC
            BANK1   F028H     002BH     UNIT         ?PR?_SPI_MASTER_READ?DRV_SPI
            BANK1   F053H     002BH     UNIT         ?PR?CLEAR_DTC_STATUS?MGR_DIAG
            BANK1   F07EH     002AH     UNIT         ?PR?_?VSTDSUSPENDALLINTERRUPTS?VSTDLIB
            BANK1   F0A8H     002AH     UNIT         ?PR?_DESCGETSVCINSTHEADEXTENTRYSIZE?DESC
            BANK1   F0D2H     002AH     UNIT         ?PR?DESCSECURITYACCESSTIMER?DESC
            BANK1   F0FCH     002AH     UNIT         ?PR?ILGETRXSAS_ANGLE?IL_PAR
            BANK1   F126H     0029H     UNIT         ?PR?_DESCRIDFINDROUTINEID?DESC
            BANK1   F14FH     0028H     UNIT         ?PR?DESCUSDTNETISOTPINIT?DESC
            BANK1   F177H     0027H     UNIT         ?PR?_COMM_TUNING_VALUE_TYPE?MGR_COMM
            BANK1   F19EH     0027H     UNIT         ?PR?VCAN_INIT?DRV_CAN
            BANK1   F1C5H     0027H     UNIT         ?PR?NMBASICDOTHESTOPHANDLING?NM_BASIC
            BANK1   F1ECH     0027H     UNIT         ?PR?_TPDRVCONFIRMATION?TPMC
            BANK1   F213H     0027H     UNIT         ?PR?DESCPROCESSINGDONE?DESC
            BANK1   F23AH     0026H     UNIT         ?PR?_?VSTDRESUMEALLINTERRUPTS?VSTDLIB
            BANK1   F260H     0026H     UNIT         ?PR?DESCUSDTNETISOTPINITCONTEXT?DESC
            BANK1   F286H     0025H     UNIT         ?PR?VCAN_TASK?DRV_CAN
            BANK1   F2ABH     0024H     UNIT         ?PR?_SPI_MASTER_WRITE?DRV_SPI
            BANK1   F2CFH     0024H     UNIT         ?PR?FRAME_VALIDE_CHECK?MGR_ISP
            BANK1   F2F3H     0024H     UNIT         ?PR?_DESCCONFIRMATION?DESC
            BANK1   F317H     0024H     UNIT         ?PR?DESCNETWORKITERINIT?DESC
            BANK1   F33BH     0023H     UNIT         ?PR?ISP_DRIVING_ASSIST_VIEW?MGR_ISP
            BANK1   F35EH     0023H     UNIT         ?PR?NMBASICINIT?NM_BASIC
            BANK1   F381H     0023H     UNIT         ?PR?DESCSTATEINIT?DESC
            BANK1   F3A4H     0023H     UNIT         ?PR?_DESCGETSESSIONTIMINGS?DESC
            BANK1   F3C7H     0023H     UNIT         ?PR?DESCRESPONSETIMEOUTTASK?DESC
            BANK1   F3EAH     0022H     UNIT         ?PR?_DESCUSDTNETABSSTARTRECEPTION?DESC
            BANK1   F40CH     0022H     UNIT         ?PR?_DESCOEMSTOPDIAGNOSTICSESSION?DESC
            BANK1   F42EH     0021H     UNIT         ?PR?_DESCINIT?DESC
            BANK1   F44FH     0021H     UNIT         ?PR?_DESCPMGETPIDRESPONSELEN?DESC
            BANK1   F470H     0020H     UNIT         ?PR?TPRXPOSTPROCESSING?TPMC
            BANK1   F490H     001FH     UNIT         ?PR?TIMER3_INIT?DRV_TIMER
            BANK1   F4AFH     001FH     UNIT         ?PR?ADC_INIT?DRV_ADC
            BANK1   F4CEH     001FH     UNIT         ?PR?_ILCANGENERICPRECOPY?IL
            BANK1   F4EDH     001FH     UNIT         ?PR?_DESCRIDFINDSUBFUNCTION?DESC
            BANK1   F50CH     001EH     UNIT         ?PR?DESCENABLECOMMUNICATION?DESC
            BANK1   F52AH     001DH     UNIT         ?PR?TIMER2_INIT?DRV_TIMER
            BANK1   F547H     001DH     UNIT         ?PR?APPLNMBASICFIRSTBUSOFFSLOW?DRV_CAN
            BANK1   F564H     001DH     UNIT         ?PR?NMBASICCANBUSOFF?NM_BASIC
            BANK1   F581H     001DH     UNIT         ?PR?DESCOEMONINVALIDREQ_27?DESC
            BANK1   F59EH     001CH     UNIT         ?PR?DESCRELEASECONTEXT?DESC
            BANK1   F5BAH     001BH     UNIT         ?PR?_COMM_SAS_DATA?MGR_COMM
            BANK1   F5D5H     001AH     UNIT         ?PR?CLEAR_I2C_TX_DATA?MGR_COMM
            BANK1   F5EFH     001AH     UNIT         ?PR?CLEAR_CAN_TX_DATA?MGR_COMM
            BANK1   F609H     001AH     UNIT         ?PR?_APPLCANTXOBJCONFIRMED?NM_BASIC
            BANK1   F623H     0017H     UNIT         ?PR?_COMM_HUTYPE_DATA?MGR_COMM
BL51 BANKED LINKER/LOCATER V6.22                                                      11/17/2023  15:14:24  PAGE 12


            BANK1   F63AH     0017H     UNIT         ?PR?_CANRXHU_MON_PE_01INDICATIONFCT?CAN_PAR
            BANK1   F651H     0017H     UNIT         ?PR?_CANRXCGW4INDICATIONFCT?CAN_PAR
            BANK1   F668H     0017H     UNIT         ?PR?_CANRXCGW2INDICATIONFCT?CAN_PAR
            BANK1   F67FH     0017H     UNIT         ?PR?_CANRXCLU15INDICATIONFCT?CAN_PAR
            BANK1   F696H     0017H     UNIT         ?PR?_CANRXMDPS11INDICATIONFCT?CAN_PAR
            BANK1   F6ADH     0017H     UNIT         ?PR?_CANRXSAS1INDICATIONFCT?CAN_PAR
            BANK1   F6C4H     0017H     UNIT         ?PR?_DESCPHYSREQIND?DESC
            BANK1   F6DBH     0017H     UNIT         ?PR?_DESCFUNCREQIND?DESC
            BANK1   F6F2H     0017H     UNIT         ?PR?_DESCINITPOWERON?DESC
            BANK1   F709H     0016H     UNIT         ?PR?TIMER1_INIT?DRV_TIMER
            BANK1   F71FH     0016H     UNIT         ?PR?CLEAR_SAS_DATA?MGR_COMM
            BANK1   F735H     0016H     UNIT         ?PR?GET_VIDEO_SIGNAL?DRV_ADC
            BANK1   F74BH     0016H     UNIT         ?PR?DESCGETSTATESECURITYACCESS?DESC
            BANK1   F761H     0016H     UNIT         ?PR?_DESCDOPOSTPROCESSING?DESC
            BANK1   F777H     0015H     UNIT         ?PR?_COMM_LANGUAGE_DATA?MGR_COMM
            BANK1   F78CH     0014H     UNIT         ?PR?NMBASICDOBUSOFFABORT?NM_BASIC
            BANK1   F7A0H     0013H     UNIT         ?PR?TIMER5_INIT?DRV_TIMER
            BANK1   F7B3H     0013H     UNIT         ?PR?VCAN_START?DRV_CAN
            BANK1   F7C6H     0013H     UNIT         ?PR?PCA_INIT?DRV_PCA
            BANK1   F7D9H     0013H     UNIT         ?PR?DIAG_GET_TIME?MGR_DIAG
            BANK1   F7ECH     0013H     UNIT         ?PR?FLASH_SETFLASHKEY?DRV_MEM
            BANK1   F7FFH     0013H     UNIT         ?PR?_DESCSETATTEMPTCOUNTERVALUE?DESC
            BANK1   F812H     0012H     UNIT         ?PR?_ISR_SAS?DRV_CAN
            BANK1   F824H     0012H     UNIT         ?PR?_ISR_IGNSW?DRV_CAN
            BANK1   F836H     0012H     UNIT         ?PR?_ISR_FCZCRVMSW?DRV_CAN
            BANK1   F848H     0012H     UNIT         ?PR?_ISR_GSELPDISP?DRV_CAN
            BANK1   F85AH     0012H     UNIT         ?PR?_ISR_ENGVOL?DRV_CAN
            BANK1   F86CH     0012H     UNIT         ?PR?_ISR_WD4ERR?DRV_CAN
            BANK1   F87EH     0012H     UNIT         ?PR?DIAG_EEPROM_UPDATE?MGR_DIAG
            BANK1   F890H     0012H     UNIT         ?PR?_FLASH_ERASE_BUF?DRV_MEM
            BANK1   F8A2H     0012H     UNIT         ?PR?TPINIT?TPMC
            BANK1   F8B4H     0012H     UNIT         ?PR?DESCISSUPPRESSPOSRESBITSET?DESC
            BANK1   F8C6H     0012H     UNIT         ?PR?DESCRIDPROCESSINGDONE?DESC
            BANK1   F8D8H     0011H     UNIT         ?PR?ILRXSTOP?IL
            BANK1   F8E9H     0011H     UNIT         ?PR?ILTXSTOP?IL
            BANK1   F8FAH     0011H     UNIT         ?PR?_DESCRXERRORINDICATION?DESC
            BANK1   F90BH     0011H     UNIT         ?PR?DESCSECURITYACCESSSEEDREADY?DESC
            BANK1   F91CH     0010H     UNIT         ?PR?WATCHDOG_INIT?DRV_PCA
            BANK1   F92CH     0010H     UNIT         ?PR?SPI_INIT?DRV_SPI
            BANK1   F93CH     000FH     UNIT         ?PR?_COMM_G_SEL_DISP_DATA?MGR_COMM
            BANK1   F94BH     000FH     UNIT         ?PR?_COMM_IGN_SW_DATA?MGR_COMM
            BANK1   F95AH     000FH     UNIT         ?PR?_COMM_RVM_CAMERAOFF_DATA?MGR_COMM
            BANK1   F969H     000FH     UNIT         ?PR?_COMM_RVM_SW_DATA?MGR_COMM
            BANK1   F978H     000FH     UNIT         ?PR?_ISR_HUTYPE?DRV_CAN
            BANK1   F987H     000FH     UNIT         ?PR?_ISR_LANGUAGEINFO?DRV_CAN
            BANK1   F996H     000FH     UNIT         ?PR?_ISR_RVMCAMERAOFF?DRV_CAN
            BANK1   F9A5H     000FH     UNIT         ?PR?FLASH_WAIT?DRV_SPI
            BANK1   F9B4H     000FH     UNIT         ?PR?TPINITPOWERON?TPMC
            BANK1   F9C3H     000FH     UNIT         ?PR?_DESCOEMPROCESSTESTERPRESENT?DESC
            BANK1   F9D2H     000FH     UNIT         ?PR?_ILMSGHU_MON_PE_01PRECOPY?IL_PAR
            BANK1   F9E1H     000FH     UNIT         ?PR?_ILMSGCGW4PRECOPY?IL_PAR
            BANK1   F9F0H     000FH     UNIT         ?PR?_ILMSGCGW2PRECOPY?IL_PAR
            BANK1   F9FFH     000FH     UNIT         ?PR?_ILMSGCLU15PRECOPY?IL_PAR
            BANK1   FA0EH     000FH     UNIT         ?PR?_ILMSGMDPS11PRECOPY?IL_PAR
            BANK1   FA1DH     000FH     UNIT         ?PR?_ILMSGSAS1PRECOPY?IL_PAR
            BANK1   FA2CH     000EH     UNIT         ?PR?DIAG_ECU_RESET?MGR_DIAG
            BANK1   FA3AH     000EH     UNIT         ?PR?ILRXWAIT?IL
BL51 BANKED LINKER/LOCATER V6.22                                                      11/17/2023  15:14:24  PAGE 13


            BANK1   FA48H     000EH     UNIT         ?PR?ILTXWAIT?IL
            BANK1   FA56H     000EH     UNIT         ?PR?ILTXRELEASE?IL
            BANK1   FA64H     000EH     UNIT         ?PR?ILRESETRXTIMEOUTFLAGS?IL
            BANK1   FA72H     000DH     UNIT         ?PR?GET_TIME?DRV_TIMER
            BANK1   FA7FH     000DH     UNIT         ?PR?APPLNMBASICBUSOFFSTART?DRV_CAN
            BANK1   FA8CH     000DH     UNIT         ?PR?DIAG_CLEAR_DTC?MGR_DIAG
            BANK1   FA99H     000DH     UNIT         ?PR?DESCSTATETASK?DESC
            BANK1   FAA6H     000DH     UNIT         ?PR?_ILMSGHU_MON_PE_01INDICATION?IL_PAR
            BANK1   FAB3H     000DH     UNIT         ?PR?_ILMSGCGW4INDICATION?IL_PAR
            BANK1   FAC0H     000DH     UNIT         ?PR?_ILMSGCGW2INDICATION?IL_PAR
            BANK1   FACDH     000DH     UNIT         ?PR?_ILMSGCLU15INDICATION?IL_PAR
            BANK1   FADAH     000DH     UNIT         ?PR?_ILMSGMDPS11INDICATION?IL_PAR
            BANK1   FAE7H     000DH     UNIT         ?PR?_ILMSGSAS1INDICATION?IL_PAR
            BANK1   FAF4H     000DH     UNIT         ?PR?ILMSGHU_MON_PE_01TIMEOUTINDICATION?IL_PAR
            BANK1   FB01H     000DH     UNIT         ?PR?ILMSGCGW4TIMEOUTINDICATION?IL_PAR
            BANK1   FB0EH     000DH     UNIT         ?PR?ILMSGCGW2TIMEOUTINDICATION?IL_PAR
            BANK1   FB1BH     000DH     UNIT         ?PR?ILMSGCLU15TIMEOUTINDICATION?IL_PAR
            BANK1   FB28H     000DH     UNIT         ?PR?ILMSGMDPS11TIMEOUTINDICATION?IL_PAR
            BANK1   FB35H     000DH     UNIT         ?PR?ILMSGSAS1TIMEOUTINDICATION?IL_PAR
            BANK1   FB42H     000CH     UNIT         ?PR?INIT_DIAGTASK?MGR_DIAG
            BANK1   FB4EH     000CH     UNIT         ?PR?TPRXGETCANBUFFER?TPMC
            BANK1   FB5AH     000CH     UNIT         ?PR?_TPRXSETFCSTATUS?TPMC
            BANK1   FB66H     000CH     UNIT         ?PR?TPFUNCGETCANBUFFER?TPMC
            BANK1   FB72H     000CH     UNIT         ?PR?_DESCUSDTNETISOTPPREPARERESPONSE?DESC
            BANK1   FB7EH     000CH     UNIT         ?PR?DESCTIMINGONCEINIT?DESC
            BANK1   FB8AH     000CH     UNIT         ?PR?_DESCOEMCOMMONSESSIONPOSTPROCESSING?DESC
            BANK1   FB96H     000BH     UNIT         ?PR?TPRXGETSTATUS?TPMC
            BANK1   FBA1H     000AH     UNIT         ?PR?FIRMWARE_UPDATE?MGR_DIAG
            BANK1   FBABH     000AH     UNIT         ?PR?DESCGETSTATESESSION?DESC
            BANK1   FBB5H     000AH     UNIT         ?PR?DESCSECURITYONCEINITPOWERON?DESC
            BANK1   FBBFH     000AH     UNIT         ?PR?DESCSECURITYONCEINIT?DESC
            BANK1   FBC9H     0009H     UNIT         ?PR?_ISR_NAVIONOFF?DRV_CAN
            BANK1   FBD2H     0009H     UNIT         ?PR?_ISR_COUNTRYCFG?DRV_CAN
            BANK1   FBDBH     0009H     UNIT         ?PR?_ISR_MDPSTYPE?DRV_CAN
            BANK1   FBE4H     0009H     UNIT         ?PR?_APPLCANINIT?NM_BASIC
            BANK1   FBEDH     0009H     UNIT         ?PR?_DESCSETNEGRESPONSE?DESC
            BANK1   FBF6H     0008H     UNIT         ?PR?FLASH_CLEARFLASHKEY?DRV_MEM
            BANK1   FBFEH     0008H     UNIT         ?PR?VSTDINITPOWERON?VSTDLIB
            BANK1   FC06H     0008H     UNIT         ?PR?DESCTIMINGITERINIT?DESC
            BANK1   FC0EH     0008H     UNIT         ?PR?_DESCOEMSTARTSESSIONDEFAULT?DESC
            BANK1   FC16H     0008H     UNIT         ?PR?_DESCOEMSTARTSESSIONPROGRAMMING?DESC
            BANK1   FC1EH     0008H     UNIT         ?PR?_DESCOEMSTARTSESSIONEXTENDED?DESC
            BANK1   FC26H     0008H     UNIT         ?PR?_DESCOEMSTARTSESSIONPROGRAMMING_SESSION_FOR_KWP2000?DESC
            BANK1   FC2EH     0008H     UNIT         ?PR?_DESCOEMSTARTSESSIONEXTENDED_SESSION_FOR_KWP2000?DESC
            BANK1   FC36H     0008H     UNIT         ?PR?_DESCOEMGETREQUESTSEED_UNLOCK_LEVEL_1?DESC
            BANK1   FC3EH     0008H     UNIT         ?PR?_DESCOEMSENDSENDKEY_UNLOCK_LEVEL_1?DESC
            BANK1   FC46H     0008H     UNIT         ?PR?_DESCOEMPOSTSTARTSESSIONDEFAULT?DESC
            BANK1   FC4EH     0008H     UNIT         ?PR?_DESCOEMPOSTSTARTSESSIONPROGRAMMING?DESC
            BANK1   FC56H     0008H     UNIT         ?PR?_DESCOEMPOSTSTARTSESSIONEXTENDED?DESC
            BANK1   FC5EH     0008H     UNIT         ?PR?_DESCOEMPOSTSTARTSESSIONPROGRAMMING_SESSION_FOR_KWP2000?DESC
            BANK1   FC66H     0008H     UNIT         ?PR?_DESCOEMPOSTSTARTSESSIONEXTENDED_SESSION_FOR_KWP2000?DESC
            BANK1   FC6EH     0008H     UNIT         ?PR?DESCITERINITPIDLISTPROCESSOR?DESC
            BANK1   FC76H     0007H     UNIT         ?PR?APPLNMBASICENABLEDCOM?DRV_CAN
            BANK1   FC7DH     0007H     UNIT         ?PR?APPLNMBASICBUSOFFEND?DRV_CAN
            BANK1   FC84H     0007H     UNIT         ?PR?APPLNMBASICDISABLEDCOM?DRV_CAN
            BANK1   FC8BH     0007H     UNIT         ?PR?APPLSAS1MSGTIMEOUT?DRV_CAN
            BANK1   FC92H     0007H     UNIT         ?PR?APPLCGW1MSGTIMEOUT?DRV_CAN
BL51 BANKED LINKER/LOCATER V6.22                                                      11/17/2023  15:14:24  PAGE 14


            BANK1   FC99H     0007H     UNIT         ?PR?APPLCGW6MSGTIMEOUT?DRV_CAN
            BANK1   FCA0H     0007H     UNIT         ?PR?APPLCGW_PC5MSGTIMEOUT?DRV_CAN
            BANK1   FCA7H     0007H     UNIT         ?PR?APPLWD411MSGTIMEOUT?DRV_CAN
            BANK1   FCAEH     0007H     UNIT         ?PR?APPLEMS12MSGTIMEOUT?DRV_CAN
            BANK1   FCB5H     0007H     UNIT         ?PR?DIAG_DTC_SET_OFF?MGR_DIAG
            BANK1   FCBCH     0007H     UNIT         ?PR?ILRXTASK?IL
            BANK1   FCC3H     0007H     UNIT         ?PR?ILTXTASK?IL
            BANK1   FCCAH     0007H     UNIT         ?PR?NMBASICSTART?NM_BASIC
            BANK1   FCD1H     0007H     UNIT         ?PR?NMBASICSTOP?NM_BASIC
            BANK1   FCD8H     0007H     UNIT         ?PR?TPTASK?TPMC
            BANK1   FCDFH     0007H     UNIT         ?PR?TPRXGETFCSTATUS?TPMC
            BANK1   FCE6H     0007H     UNIT         ?PR?DESCGETCURRENTBUSINFO?DESC
            BANK1   FCEDH     0007H     UNIT         ?PR?DESCTASK?DESC
            BANK1   FCF4H     0006H     UNIT         ?PR?DIAG_DTC_SET_ON?MGR_DIAG
            BANK1   FCFAH     0006H     UNIT         ?PR?_ISP_GUIDE_ON_OFF?MGR_ISP
            BANK1   FD00H     0006H     UNIT         ?PR?GET_TEMPERATURE?DRV_ADC
            BANK1   FD06H     0006H     UNIT         ?PR?ILGETSTATUS?IL
            BANK1   FD0CH     0006H     UNIT         ?PR?NMBASICGETNETSTATE?NM_BASIC
            BANK1   FD12H     0006H     UNIT         ?PR?_APPLCANTXOBJSTART?NM_BASIC
            BANK1   FD18H     0006H     UNIT         ?PR?TPRXRESETCHANNEL?TPMC
            BANK1   FD1EH     0006H     UNIT         ?PR?TPTXRESETCHANNEL?TPMC
            BANK1   FD24H     0006H     UNIT         ?PR?_DESCCOPYTOCAN?DESC
            BANK1   FD2AH     0006H     UNIT         ?PR?_DESCTXERRORINDICATION?DESC
            BANK1   FD30H     0006H     UNIT         ?PR?DESCGETACTIVITYSTATE?DESC
            BANK1   FD36H     0006H     UNIT         ?PR?_DESCDUMMYPOSTHANDLER?DESC
            BANK1   FD3CH     0006H     UNIT         ?PR?DESCGETATTEMPTCOUNTERVALUE?DESC
            BANK1   FD42H     0006H     UNIT         ?PR?_DESCPOSTREADDATABYIDENTIFIER?DESC
            BANK1   FD48H     0005H     UNIT         ?PR?_FLASH_DATASET?DRV_SPI
            BANK1   FD4DH     0005H     UNIT         ?PR?FLASH_SLAVE_SELECT?DRV_SPI
            BANK1   FD52H     0005H     UNIT         ?PR?_FLASH_SLAVE_COMMAND?DRV_SPI
            BANK1   FD57H     0005H     UNIT         ?PR?TPFUNCINIT?TPMC
            BANK1   FD5CH     0005H     UNIT         ?PR?TPFUNCRESETCHANNEL?TPMC
            BANK1   FD61H     0004H     UNIT         ?PR?RESET_MCU?MGR_MCU
            BANK1   FD65H     0004H     UNIT         ?PR?_COMM_TX_RVM_VIEW?MGR_COMM
            BANK1   FD69H     0004H     UNIT         ?PR?_COMM_TX_RVM_SW_IND?MGR_COMM
            BANK1   FD6DH     0004H     UNIT         ?PR?WDT_CLEAR?DRV_PCA
            BANK1   FD71H     0004H     UNIT         ?PR?DIAG_SENSOR_RESET?MGR_DIAG
            BANK1   FD75H     0004H     UNIT         ?PR?_DIAG_GUID_ONOFF?MGR_DIAG
            BANK1   FD79H     0004H     UNIT         ?PR?ISP_ON?MGR_ISP
            BANK1   FD7DH     0004H     UNIT         ?PR?ILINITPOWERON?IL
            BANK1   FD81H     0004H     UNIT         ?PR?NMBASICINITPOWERON?NM_BASIC
            BANK1   FD85H     0004H     UNIT         ?PR?DESCUSDTNETISOTPINITPOWERON?DESC
            BANK1   FD89H     0004H     UNIT         ?PR?DESCNETWORKINITPOWERON?DESC
            BANK1   FD8DH     0004H     UNIT         ?PR?DESCNETWORKINIT?DESC
            BANK1   FD91H     0004H     UNIT         ?PR?DESCSTATEONCEINIT?DESC
            BANK1   FD95H     0004H     UNIT         ?PR?_DESCOEMPOSTCOMMONCOMMCTRL?DESC
            BANK1   FD99H     0004H     UNIT         ?PR?_DESCOEMPOSTENABLECOMMUNICATION?DESC
            BANK1   FD9DH     0004H     UNIT         ?PR?_DESCPMGETAVAILABLEPIDHANDLE?DESC
            BANK1   FDA1H     0003H     UNIT         ?PR?_APPLILFATALERROR?DRV_CAN
            BANK1   FDA4H     0003H     UNIT         ?PR?APPLNMBASICSWITCHTRANSCEIVEROFF?DRV_CAN
            BANK1   FDA7H     0003H     UNIT         ?PR?_APPLTPFATALERROR?DRV_CAN
            BANK1   FDAAH     0003H     UNIT         ?PR?ISP_OFF?MGR_ISP
            BANK1   FDADH     0001H     UNIT         ?PR?APPLNMBASICSWITCHTRANSCEIVERON?DRV_CAN
            BANK1   FDAEH     0001H     UNIT         ?PR?APPLNMBASICBUSOFFRESTART?DRV_CAN
            BANK1   FDAFH     0001H     UNIT         ?PR?APPLHU_MON_PE_01MSGTIMEOUT?DRV_CAN
            BANK1   FDB0H     0001H     UNIT         ?PR?APPLCGW4MSGTIMEOUT?DRV_CAN
            BANK1   FDB1H     0001H     UNIT         ?PR?APPLCGW2MSGTIMEOUT?DRV_CAN
BL51 BANKED LINKER/LOCATER V6.22                                                      11/17/2023  15:14:24  PAGE 15


            BANK1   FDB2H     0001H     UNIT         ?PR?APPLCLU15MSGTIMEOUT?DRV_CAN
            BANK1   FDB3H     0001H     UNIT         ?PR?APPLMDPS11MSGTIMEOUT?DRV_CAN
            BANK1   FDB4H     0001H     UNIT         ?PR?APPLHU_RVM_E_00TMSGTIMEOUT?DRV_CAN
            BANK1   FDB5H     0001H     UNIT         ?PR?DIAG_EXIT_UPDATE?MGR_DIAG
            BANK1   FDB6H     0001H     UNIT         ?PR?ILRXSTATETASK?IL
            BANK1   FDB7H     0001H     UNIT         ?PR?DESCDEBUGITERINIT?DESC
            BANK1   FDB8H     0001H     UNIT         ?PR?DESCUSDTNETISOTPSTATETASK?DESC
            BANK1   FDB9H     0001H     UNIT         ?PR?DESCDISPATCHERITERINIT?DESC
                    FDBAH     0046H                  *** GAP ***
            BANK1   FE00H     0007H     UNIT         ?PR?FLASH_RESETTRAP?DRV_MEM
            BANK1   FE07H     00CEH     UNIT         ?PR?_FLASH_BYTEWRITE?DRV_MEM
            BANK1   FED5H     00CBH     UNIT         ?PR?_FLASH_PAGEERASE?DRV_MEM
                    FFA0H     0050H                  *** GAP ***
            BANK1   FFF0H     0008H     UNIT         ?CO?F50X_TARGET_CAM_INFOBLOCK

            * * * * * * *   C O D E   B A N K   2   * * * * * * *
                    0000H     8000H                  *** GAP ***
            BANK2   8000H     03C1H     UNIT         ?PR?_APPLDESCREADDTCRDTCBSM?APPDESC
            BANK2   83C1H     0202H     UNIT         ?PR?_APPLDESCREADDIDCAMERA_RECORD_DATA_IDENTIFIER?APPDESC
            BANK2   85C3H     018EH     UNIT         ?PR?_APPLDESCREADDIDCANDATABASVERSIONIDENTIFIER?APPDESC
            BANK2   8751H     0154H     UNIT         ?PR?_APPLDESCREADDIDOEMSPAREPARTNUMBERDATAIDENTIFIER?APPDESC
            BANK2   88A5H     0128H     UNIT         ?PR?_APPLDESCSECURITYACCESSCHECKKEY?APPDESC
            BANK2   89CDH     011AH     UNIT         ?PR?_APPLDESCREADDIDECUMANUFACTURINGDATEDATAIDENTIFIER?APPDESC
            BANK2   8AE7H     010BH     UNIT         ?PR?_APPLDESCSECURITYACCESSGETSEED?APPDESC
            BANK2   8BF2H     00FBH     UNIT         ?PR?SECM_COMPUTEKEY?APPDESC
            BANK2   8CEDH     00BAH     UNIT         ?PR?_APPLDESCRTNCTRLSTOPERASE_MEMORY?APPDESC
            BANK2   8DA7H     009DH     UNIT         ?PR?_APPLDESCRTNCTRLSTARTERASE_MEMORY?APPDESC
            BANK2   8E44H     0095H     UNIT         ?PR?_APPLDESCREQUESTDOWNLOAD?APPDESC
            BANK2   8ED9H     008FH     UNIT         ?PR?_APPLDESCWRITEMEMORYBYADDRESS?APPDESC
            BANK2   8F68H     0089H     UNIT         ?PR?_APPLDESCREADDIDSYSTEMSUPPLIERECUHARDWAREVERSIONNUMBERDATAIDENT
>> IFIER?APPDESC
            BANK2   8FF1H     0089H     UNIT         ?PR?_APPLDESCREADDIDSYSTEMSUPPLIERECUSOFTWAREVERSIONNUMBERDATAIDENT
>> IFIER?APPDESC
            BANK2   907AH     005CH     UNIT         ?PR?_APPLDESCTRANSFERDATA?APPDESC
            BANK2   90D6H     005CH     UNIT         ?PR?_SECM_SERIALIZER?APPDESC
            BANK2   9132H     003AH     UNIT         ?PR?_APPLDESCREADDIDCAMERA_SYSTEM_ON_TIME?APPDESC
            BANK2   916CH     003AH     UNIT         ?PR?_APPLDESCREADDIDCAMERA_OPERATING_TIME_AND_SYSTEM_ON?APPDESC
            BANK2   91A6H     003AH     UNIT         ?PR?_APPLDESCREADDIDCAMERA_WARNING_TEXT_LANGUAGE?APPDESC
            BANK2   91E0H     003AH     UNIT         ?PR?_APPLDESCREADDIDCAMERA_RESET_COUNTER?APPDESC
            BANK2   921AH     0033H     UNIT         ?PR?_APPLDESCCLEARDIAGINFO?APPDESC
            BANK2   924DH     0030H     UNIT         ?PR?_APPLDESCRTNCTRLSTARTCAMERA_GUIDELINE_OFF?APPDESC
            BANK2   927DH     001BH     UNIT         ?PR?_APPLDESCRTNCTRLSTOPCAMERA_GUIDELINE_OFF?APPDESC
            BANK2   9298H     001BH     UNIT         ?PR?_APPLDESCRTNCTRLSTARTCAMERA_WARNING_TEXT_OFF?APPDESC
            BANK2   92B3H     001BH     UNIT         ?PR?_APPLDESCRTNCTRLSTOPCAMERA_WARNING_TEXT_OFF?APPDESC
            BANK2   92CEH     0019H     UNIT         ?PR?_APPLDESCRTNCTRLSTARTCAMERA_SENSOR_RESET?APPDESC
            BANK2   92E7H     0014H     UNIT         ?PR?_APPLDESCWRITEDIDCAMERA_SYSTEM_ON_TIME?APPDESC
            BANK2   92FBH     0014H     UNIT         ?PR?_APPLDESCWRITEDIDCAMERA_OPERATING_TIME_AND_SYSTEM_ON?APPDESC
            BANK2   930FH     0014H     UNIT         ?PR?_APPLDESCWRITEDIDCAMERA_WARNING_TEXT_LANGUAGE?APPDESC
            BANK2   9323H     0014H     UNIT         ?PR?_APPLDESCWRITEDIDCAMERA_RESET_COUNTER?APPDESC
            BANK2   9337H     0014H     UNIT         ?PR?_APPLDESCRTNCTRLSTOPCAMERA_SENSOR_RESET?APPDESC
            BANK2   934BH     0014H     UNIT         ?PR?_APPLDESCRTNCTRLSTARTCALIBRATIONMODE_ONOFF?APPDESC
            BANK2   935FH     0014H     UNIT         ?PR?_APPLDESCRTNCTRLSTOPCALIBRATIONMODE_ONOFF?APPDESC
            BANK2   9373H     0014H     UNIT         ?PR?_APPLDESCRTNCTRLSTARTCALIBRATIONMODE_DEFAULT?APPDESC
            BANK2   9387H     0014H     UNIT         ?PR?_APPLDESCRTNCTRLSTOPCALIBRATIONMODE_DEFAULT?APPDESC
            BANK2   939BH     0014H     UNIT         ?PR?_APPLDESCRTNCTRLSTARTCALIBRATIONMODE_LEFT?APPDESC
            BANK2   93AFH     0014H     UNIT         ?PR?_APPLDESCRTNCTRLSTOPCALIBRATIONMODE_LEFT?APPDESC
            BANK2   93C3H     0014H     UNIT         ?PR?_APPLDESCRTNCTRLSTARTCALIBRATIONMODE_RIGHT?APPDESC
BL51 BANKED LINKER/LOCATER V6.22                                                      11/17/2023  15:14:24  PAGE 16


            BANK2   93D7H     0014H     UNIT         ?PR?_APPLDESCRTNCTRLSTOPCALIBRATIONMODE_RIGHT?APPDESC
            BANK2   93EBH     0014H     UNIT         ?PR?_APPLDESCRTNCTRLSTARTCHECK_PROGRAMMING_DEPENDENCIES?APPDESC
            BANK2   93FFH     0014H     UNIT         ?PR?_APPLDESCRTNCTRLSTOPCHECK_PROGRAMMING_DEPENDENCIES?APPDESC
            BANK2   9413H     0012H     UNIT         ?PR?_APPLDESCECURESETHARD?APPDESC
            BANK2   9425H     0012H     UNIT         ?PR?_APPLDESCECURESETSOFT?APPDESC
            BANK2   9437H     0012H     UNIT         ?PR?_APPLDESCREQUESTTRANSFEREXIT?APPDESC
            BANK2   9449H     0012H     UNIT         ?PR?_APPLDESCCONTROLDTCSETTINGENABLE?APPDESC
            BANK2   945BH     0012H     UNIT         ?PR?_APPLDESCCONTROLDTCSETTINGDISABLE?APPDESC
            BANK2   946DH     0012H     UNIT         ?PR?_APPLDESCCHECKSESSIONTRANSITION?APPDESC
            BANK2   947FH     000FH     UNIT         ?PR?_APPLDESCONTRANSITIONSESSION?APPDESC
            BANK2   948EH     000FH     UNIT         ?PR?_APPLDESCONTRANSITIONSECURITYACCESS?APPDESC
            BANK2   949DH     000FH     UNIT         ?PR?_APPLDESCREADMEMORYBYADDRESS?APPDESC
            BANK2   94ACH     000FH     UNIT         ?PR?_APPLDESCCHECKCOMMCTRL?APPDESC
            BANK2   94BBH     000EH     UNIT         ?PR?_APPLDESCFATALERROR?APPDESC
            BANK2   94C9H     000CH     UNIT         ?PR?_APPLDESCSETCOMMMODEONRXPATH?APPDESC
            BANK2   94D5H     0001H     UNIT         ?PR?APPLDESCONCOMMUNICATIONDISABLE?APPDESC
            BANK2   94D6H     0001H     UNIT         ?PR?APPLDESCONCOMMUNICATIONENABLE?APPDESC
                    94D7H     6929H                  *** GAP ***
            BANK2   FE00H     0009H     UNIT         ?CO?F50X_TARGET_OPTIC_INFOBLOCK



INTERBANK CALL TABLE OF MODULE:  D:\micom_diag\CK\AVN\FIRMWARE\Application\SteeringCamera_App.omf (F50X_TARGET_APP_INFOB
>> LOCK)

ADDRESS    FUNCTION NAME
------------------------
 5544H     WDT_CLEAR
 5549H     INIT_DIAGTASK
 554EH     INIT_MCUTASK
 5553H     INIT_COMMTASK
 5558H     INIT_ISPTASK
 555DH     _DELAY_TIME_SET
 5562H     OPERATE_COMMTASK
 5567H     OPERATE_ISPTASK
 556CH     OPERATE_MCUTASK
 5571H     OPERATE_DIAGTASK
 5576H     _DELAY_TIME_GET
 557BH     VCAN_TASK
 5580H     _WAIT_MS
 5585H     _DELAY_TIME_EXPIRE
 558AH     _ILCANCANCELNOTIFICATION
 558FH     _APPLCANINIT
 5594H     VSTDINITPOWERON
 5599H     _APPLCANTXOBJSTART
 559EH     NMBASICCANBUSOFF
 55A3H     _ILCANGENERICPRECOPY
 55A8H     _APPLCANTXOBJCONFIRMED
 55ADH     DIAG_ECU_RESET
 55B2H     DESCPROCESSINGDONE
 55B7H     DIAG_CLEAR_DTC
 55BCH     _DESCSETNEGRESPONSE
 55C1H     _DIAG_READ_DTC
 55C6H     _DIAG_WRITE_TRANSFER_DATA
 55CBH     DIAG_EXIT_UPDATE
 55D0H     _DIAG_EXTRA_DATA_PROCESS
 55D5H     _DIAG_WRITE_SYS
BL51 BANKED LINKER/LOCATER V6.22                                                      11/17/2023  15:14:24  PAGE 17


 55DAH     DIAG_DTC_SET_ON
 55DFH     DIAG_DTC_SET_OFF
 55E4H     DIAG_GET_TIME
 55E9H     DESCSECURITYACCESSSEEDREADY
 55EEH     DESCSECURITYACCESSKEYCHECKED
 55F3H     _DIAG_READ_SYS
 55F8H     DIAG_SENSOR_RESET
 55FDH     _DIAG_GUID_ONOFF
 5602H     FIRMWARE_UPDATE
 5607H     DIAG_EEPROM_UPDATE
 560CH     _TPDRVCONFIRMATION
 5611H     _ILMSGHU_MON_PE_01PRECOPY
 5616H     _ILMSGCGW4PRECOPY
 561BH     _ILMSGCGW2PRECOPY
 5620H     _ILMSGCLU15PRECOPY
 5625H     _ILMSGMDPS11PRECOPY
 562AH     _ILMSGSAS1PRECOPY
 562FH     _TPFUNCPRECOPY
 5634H     _TPPRECOPY
 5639H     _CANRXHU_MON_PE_01INDICATIONFCT
 563EH     _CANRXCGW4INDICATIONFCT
 5643H     _CANRXCGW2INDICATIONFCT
 5648H     _CANRXCLU15INDICATIONFCT
 564DH     _CANRXMDPS11INDICATIONFCT
 5652H     _CANRXSAS1INDICATIONFCT
 5657H     SEGMENT (?PR?_DESCDUMMYPOSTHANDLER?DESC)
 565CH     SEGMENT (?PR?_DESCOEMPOSTCOMMONCOMMCTRL?DESC)
 5661H     SEGMENT (?PR?_DESCOEMPOSTENABLECOMMUNICATION?DESC)
 5666H     SEGMENT (?PR?_DESCPOSTREADDATABYIDENTIFIER?DESC)
 566BH     SEGMENT (?PR?_DESCOEMPOSTSTARTSESSIONDEFAULT?DESC)
 5670H     SEGMENT (?PR?_DESCOEMPOSTSTARTSESSIONPROGRAMMING?DESC)
 5675H     SEGMENT (?PR?_DESCOEMPOSTSTARTSESSIONEXTENDED?DESC)
 567AH     SEGMENT (?PR?_DESCOEMPOSTSTARTSESSIONPROGRAMMING_SESSION_FOR_KWP2000?DESC)
 567FH     SEGMENT (?PR?_DESCOEMPOSTSTARTSESSIONEXTENDED_SESSION_FOR_KWP2000?DESC)
 5684H     SEGMENT (?PR?_DESCOEMSTARTSESSIONDEFAULT?DESC)
 5689H     SEGMENT (?PR?_DESCOEMSTARTSESSIONPROGRAMMING?DESC)
 568EH     SEGMENT (?PR?_DESCOEMSTARTSESSIONEXTENDED?DESC)
 5693H     SEGMENT (?PR?_DESCOEMSTARTSESSIONPROGRAMMING_SESSION_FOR_KWP2000?DESC)
 5698H     SEGMENT (?PR?_DESCOEMSTARTSESSIONEXTENDED_SESSION_FOR_KWP2000?DESC)
 569DH     _APPLDESCECURESETHARD
 56A2H     _APPLDESCECURESETSOFT
 56A7H     _APPLDESCCLEARDIAGINFO
 56ACH     _APPLDESCREADDTCRDTCBSM
 56B1H     SEGMENT (?PR?_DESCOEMSTOPDIAGNOSTICSESSION?DESC)
 56B6H     SEGMENT (?PR?_DESCREADDATABYIDENTIFIER?DESC)
 56BBH     _APPLDESCREADMEMORYBYADDRESS
 56C0H     SEGMENT (?PR?_DESCOEMGETREQUESTSEED_UNLOCK_LEVEL_1?DESC)
 56C5H     SEGMENT (?PR?_DESCOEMSENDSENDKEY_UNLOCK_LEVEL_1?DESC)
 56CAH     SEGMENT (?PR?_DESCOEMCOMMONCOMMCTRL?DESC)
 56CFH     SEGMENT (?PR?_DESCOEMENABLECOMMUNICATION?DESC)
 56D4H     _APPLDESCWRITEDIDCAMERA_SYSTEM_ON_TIME
 56D9H     _APPLDESCWRITEDIDCAMERA_OPERATING_TIME_AND_SYSTEM_ON
 56DEH     _APPLDESCWRITEDIDCAMERA_WARNING_TEXT_LANGUAGE
 56E3H     _APPLDESCWRITEDIDCAMERA_RESET_COUNTER
 56E8H     SEGMENT (?PR?_DESCROUTINECONTROLBYIDENTIFIER?DESC)
 56EDH     _APPLDESCREQUESTDOWNLOAD
 56F2H     _APPLDESCTRANSFERDATA
BL51 BANKED LINKER/LOCATER V6.22                                                      11/17/2023  15:14:24  PAGE 18


 56F7H     _APPLDESCREQUESTTRANSFEREXIT
 56FCH     _APPLDESCWRITEMEMORYBYADDRESS
 5701H     SEGMENT (?PR?_DESCOEMPROCESSTESTERPRESENT?DESC)
 5706H     _APPLDESCCONTROLDTCSETTINGENABLE
 570BH     _APPLDESCCONTROLDTCSETTINGDISABLE
 5710H     _APPLDESCREADDIDCAMERA_RECORD_DATA_IDENTIFIER
 5715H     _APPLDESCREADDIDCANDATABASVERSIONIDENTIFIER
 571AH     _APPLDESCREADDIDCAMERA_SYSTEM_ON_TIME
 571FH     _APPLDESCREADDIDCAMERA_OPERATING_TIME_AND_SYSTEM_ON
 5724H     _APPLDESCREADDIDCAMERA_WARNING_TEXT_LANGUAGE
 5729H     _APPLDESCREADDIDCAMERA_RESET_COUNTER
 572EH     _APPLDESCREADDIDOEMSPAREPARTNUMBERDATAIDENTIFIER
 5733H     _APPLDESCREADDIDECUMANUFACTURINGDATEDATAIDENTIFIER
 5738H     _APPLDESCREADDIDSYSTEMSUPPLIERECUHARDWAREVERSIONNUMBERDATAIDENTIFIER
 573DH     _APPLDESCREADDIDSYSTEMSUPPLIERECUSOFTWAREVERSIONNUMBERDATAIDENTIFIER
 5742H     _APPLDESCRTNCTRLSTARTCAMERA_SENSOR_RESET
 5747H     _APPLDESCRTNCTRLSTOPCAMERA_SENSOR_RESET
 574CH     _APPLDESCRTNCTRLSTARTCAMERA_GUIDELINE_OFF
 5751H     _APPLDESCRTNCTRLSTOPCAMERA_GUIDELINE_OFF
 5756H     _APPLDESCRTNCTRLSTARTCAMERA_WARNING_TEXT_OFF
 575BH     _APPLDESCRTNCTRLSTOPCAMERA_WARNING_TEXT_OFF
 5760H     _APPLDESCRTNCTRLSTARTCALIBRATIONMODE_ONOFF
 5765H     _APPLDESCRTNCTRLSTOPCALIBRATIONMODE_ONOFF
 576AH     _APPLDESCRTNCTRLSTARTCALIBRATIONMODE_DEFAULT
 576FH     _APPLDESCRTNCTRLSTOPCALIBRATIONMODE_DEFAULT
 5774H     _APPLDESCRTNCTRLSTARTCALIBRATIONMODE_LEFT
 5779H     _APPLDESCRTNCTRLSTOPCALIBRATIONMODE_LEFT
 577EH     _APPLDESCRTNCTRLSTARTCALIBRATIONMODE_RIGHT
 5783H     _APPLDESCRTNCTRLSTOPCALIBRATIONMODE_RIGHT
 5788H     _APPLDESCRTNCTRLSTARTERASE_MEMORY
 578DH     _APPLDESCRTNCTRLSTOPERASE_MEMORY
 5792H     _APPLDESCRTNCTRLSTARTCHECK_PROGRAMMING_DEPENDENCIES
 5797H     _APPLDESCRTNCTRLSTOPCHECK_PROGRAMMING_DEPENDENCIES
 579CH     _APPLDESCFATALERROR
 57A1H     _APPLDESCONTRANSITIONSESSION
 57A6H     _APPLDESCONTRANSITIONSECURITYACCESS
 57ABH     _APPLDESCCHECKCOMMCTRL
 57B0H     APPLDESCONCOMMUNICATIONENABLE
 57B5H     APPLDESCONCOMMUNICATIONDISABLE
 57BAH     _APPLDESCSETCOMMMODEONRXPATH
 57BFH     _APPLDESCCHECKSESSIONTRANSITION
 57C4H     _APPLDESCSECURITYACCESSGETSEED
 57C9H     _APPLDESCSECURITYACCESSCHECKKEY
 57CEH     SEGMENT (?PR?ILMSGHU_MON_PE_01TIMEOUTINDICATION?IL_PAR)
 57D3H     SEGMENT (?PR?ILMSGCGW4TIMEOUTINDICATION?IL_PAR)
 57D8H     SEGMENT (?PR?ILMSGCGW2TIMEOUTINDICATION?IL_PAR)
 57DDH     SEGMENT (?PR?ILMSGCLU15TIMEOUTINDICATION?IL_PAR)
 57E2H     SEGMENT (?PR?ILMSGMDPS11TIMEOUTINDICATION?IL_PAR)
 57E7H     SEGMENT (?PR?ILMSGSAS1TIMEOUTINDICATION?IL_PAR)
 57ECH     FLASH_RESETTRAP



UNRESOLVED EXTERNAL SYMBOLS:
   CANCONFIRMATIONMASK
   CANCONFIRMATIONOFFSET
   ILCANHNDTOILHND
BL51 BANKED LINKER/LOCATER V6.22                                                      11/17/2023  15:14:24  PAGE 19


   ILGETRXCF_CK_FCZC_RVM_SW
   ILGETRXCF_GWAY_IGNSW
   ILGETRXENG_VOL
   ILGETRXG_SEL_DISP
   ILGETRXHU_RVM_CAMERAOFF
   ILGETRXWD4_ERR
   ILRESETCANCONFIRMATIONFLAGS
   ILTXCONFIRMATIONFCTPTR
   ILTXCYCLICCYCLES
   ILTXDEFAULTINITVALUE
   ILTXEVENTCYCLES
   ILTXINDIRECTION
   ILTXSTARTCYCLES
   ILTXTYPE
   ILTXUPDATECYCLES
   _?APPLCANFATALERROR
   _APPLNMBASICFATALERROR
   _DIAG_WARNING_ONOFF
   _ILPUTTXRVM_SW_IND
   _ILPUTTXRVM_VIEW



SYMBOL TABLE OF MODULE:  D:\micom_diag\CK\AVN\FIRMWARE\Application\SteeringCamera_App.omf (F50X_TARGET_APP_INFOBLOCK)

  VALUE           TYPE          NAME
  ----------------------------------

  -------         MODULE        F50X_TARGET_APP_INFOBLOCK
  C:0000H         SYMBOL        _ICE_DUMMY_
 C0:7FF0H         PUBLIC        INFOBLOCK
  -------         ENDMOD        F50X_TARGET_APP_INFOBLOCK

  -------         MODULE        MAIN
  C:0000H         SYMBOL        _ICE_DUMMY_
  D:00A7H         PUBLIC        SFRPAGE
  D:00BBH         PUBLIC        ADC0MX
  D:00D1H         PUBLIC        REF0CN
  D:00D9H         PUBLIC        PCA0MD
  D:00E6H         PUBLIC        EIE1
  D:00BDH         PUBLIC        ADC0
  B:00A8H.7       PUBLIC        EA
  B:00C8H.7       PUBLIC        TF2H
  B:00E8H.5       PUBLIC        AD0INT
  D:00A8H         PUBLIC        VSTDLIB_IE
  X:06D2H         PUBLIC        EEPROM_Update_Mode
  X:06D3H         PUBLIC        AMUX_INPUT
  C:6780H         PUBLIC        Temperature_compute
  C:6D12H         PUBLIC        main
  C:63B0H         PUBLIC        TIMER2_ISR
  C:623BH         PUBLIC        ADC_ISR
  X:06D4H         PUBLIC        ADC_SUM
  B:0020H.0       PUBLIC        CONV_COMPLETE
[...]
  -------         ENDMOD        ?C?LSTXDATA

  -------         MODULE        ?C?LSTKXDATA
  C:4558H         PUBLIC        ?C?LSTKXDATA
  -------         ENDMOD        ?C?LSTKXDATA

  -------         MODULE        ?C?OFFXADD
  C:4589H         PUBLIC        ?C?OFFXADD
  -------         ENDMOD        ?C?OFFXADD

  -------         MODULE        ?C?PLDPTR
  C:4595H         PUBLIC        ?C?PLDPTR
  -------         ENDMOD        ?C?PLDPTR

  -------         MODULE        ?C?PLDOPTR
  C:45B5H         PUBLIC        ?C?PLDOPTR
  -------         ENDMOD        ?C?PLDOPTR

  -------         MODULE        ?C?PSTOPTR
  C:45E5H         PUBLIC        ?C?PSTOPTR
  -------         ENDMOD        ?C?PSTOPTR

  -------         MODULE        ?C?ICALL
  C:463EH         PUBLIC        ?C?ICALL
  C:4642H         PUBLIC        ?C?ICALL2
  -------         ENDMOD        ?C?ICALL

  -------         MODULE        ?C_XBP
  D:0021H         PUBLIC        ?C_XBP
  -------         ENDMOD        ?C_XBP

  -------         MODULE        ?C?ADDXBP
  C:4644H         PUBLIC        ?C?ADDXBP
  -------         ENDMOD        ?C?ADDXBP

  -------         MODULE        ?C?XBPOFF
  C:4668H         PUBLIC        ?C?XBPOFF
  -------         ENDMOD        ?C?XBPOFF

  -------         MODULE        ?C?LIMUL
  C:4675H         PUBLIC        ?C?LIMUL
  -------         ENDMOD        ?C?LIMUL

  -------         MODULE        ABS
  C:403EH         PUBLIC        _ABS
  -------         ENDMOD        ABS

  -------         MODULE        ?C?MEMCMP
  C:4828H         PUBLIC        ?C?MEMCMP
  -------         ENDMOD        ?C?MEMCMP

  -------         MODULE        ?C?MEMSET
  C:484CH         PUBLIC        ?C?MEMSET
BL51 BANKED LINKER/LOCATER V6.22                                                      11/17/2023  15:14:24  PAGE 217


  -------         ENDMOD        ?C?MEMSET

  -------         MODULE        ?C?ILDIX
  C:4878H         PUBLIC        ?C?ILDIX
  -------         ENDMOD        ?C?ILDIX

  -------         MODULE        ?C?PLDIDATA
  C:488EH         PUBLIC        ?C?PLDIDATA
  -------         ENDMOD        ?C?PLDIDATA

  -------         MODULE        ?C?PSTIDATA
  C:4897H         PUBLIC        ?C?PSTIDATA
  -------         ENDMOD        ?C?PSTIDATA

  -------         MODULE        ?C?PLDXDATA
  C:48A0H         PUBLIC        ?C?PLDXDATA
  -------         ENDMOD        ?C?PLDXDATA

  -------         MODULE        ?C?PSTXDATA
  C:48A9H         PUBLIC        ?C?PSTXDATA
  -------         ENDMOD        ?C?PSTXDATA

  -------         MODULE        ?C?PLDPDATA
  C:48B2H         PUBLIC        ?C?PLDPDATA
  -------         ENDMOD        ?C?PLDPDATA

  -------         MODULE        ?C?PSTPDATA
  C:48BBH         PUBLIC        ?C?PSTPDATA
  -------         ENDMOD        ?C?PSTPDATA

  -------         MODULE        ?C?PLDCODE
  C:48C4H         PUBLIC        ?C?PLDCODE
  -------         ENDMOD        ?C?PLDCODE

*** WARNING L1: UNRESOLVED EXTERNAL SYMBOL
    SYMBOL:  _ILPUTTXRVM_VIEW
    MODULE:  D:\micom_diag\CK\AVN\FIRMWARE\Application\mgr_comm.obj (MGR_COMM)

*** WARNING L1: UNRESOLVED EXTERNAL SYMBOL
    SYMBOL:  _ILPUTTXRVM_SW_IND
    MODULE:  D:\micom_diag\CK\AVN\FIRMWARE\Application\mgr_comm.obj (MGR_COMM)

*** WARNING L2: REFERENCE MADE TO UNRESOLVED EXTERNAL
    SYMBOL:  _ILPUTTXRVM_VIEW
    MODULE:  D:\micom_diag\CK\AVN\FIRMWARE\Application\mgr_comm.obj (MGR_COMM)
    ADDRESS: FD66H

*** WARNING L2: REFERENCE MADE TO UNRESOLVED EXTERNAL
    SYMBOL:  _ILPUTTXRVM_SW_IND
    MODULE:  D:\micom_diag\CK\AVN\FIRMWARE\Application\mgr_comm.obj (MGR_COMM)
    ADDRESS: FD6AH

*** WARNING L1: UNRESOLVED EXTERNAL SYMBOL
    SYMBOL:  ILGETRXG_SEL_DISP
    MODULE:  D:\micom_diag\CK\AVN\FIRMWARE\Application\drv_can.obj (DRV_CAN)

*** WARNING L1: UNRESOLVED EXTERNAL SYMBOL
BL51 BANKED LINKER/LOCATER V6.22                                                      11/17/2023  15:14:24  PAGE 218


    SYMBOL:  ILGETRXCF_GWAY_IGNSW
    MODULE:  D:\micom_diag\CK\AVN\FIRMWARE\Application\drv_can.obj (DRV_CAN)

*** WARNING L1: UNRESOLVED EXTERNAL SYMBOL
    SYMBOL:  ILGETRXHU_RVM_CAMERAOFF
    MODULE:  D:\micom_diag\CK\AVN\FIRMWARE\Application\drv_can.obj (DRV_CAN)

*** WARNING L1: UNRESOLVED EXTERNAL SYMBOL
    SYMBOL:  ILGETRXCF_CK_FCZC_RVM_SW
    MODULE:  D:\micom_diag\CK\AVN\FIRMWARE\Application\drv_can.obj (DRV_CAN)

*** WARNING L1: UNRESOLVED EXTERNAL SYMBOL
    SYMBOL:  ILGETRXWD4_ERR
    MODULE:  D:\micom_diag\CK\AVN\FIRMWARE\Application\drv_can.obj (DRV_CAN)

*** WARNING L1: UNRESOLVED EXTERNAL SYMBOL
    SYMBOL:  ILGETRXENG_VOL
    MODULE:  D:\micom_diag\CK\AVN\FIRMWARE\Application\drv_can.obj (DRV_CAN)

*** WARNING L2: REFERENCE MADE TO UNRESOLVED EXTERNAL
    SYMBOL:  ILGETRXG_SEL_DISP
    MODULE:  D:\micom_diag\CK\AVN\FIRMWARE\Application\drv_can.obj (DRV_CAN)
    ADDRESS: DAAAH

*** WARNING L2: REFERENCE MADE TO UNRESOLVED EXTERNAL
    SYMBOL:  ILGETRXCF_GWAY_IGNSW
    MODULE:  D:\micom_diag\CK\AVN\FIRMWARE\Application\drv_can.obj (DRV_CAN)
    ADDRESS: D23AH

*** WARNING L2: REFERENCE MADE TO UNRESOLVED EXTERNAL
    SYMBOL:  ILGETRXHU_RVM_CAMERAOFF
    MODULE:  D:\micom_diag\CK\AVN\FIRMWARE\Application\drv_can.obj (DRV_CAN)
    ADDRESS: E7BAH

*** WARNING L2: REFERENCE MADE TO UNRESOLVED EXTERNAL
    SYMBOL:  ILGETRXCF_CK_FCZC_RVM_SW
    MODULE:  D:\micom_diag\CK\AVN\FIRMWARE\Application\drv_can.obj (DRV_CAN)
    ADDRESS: D2DFH

*** WARNING L2: REFERENCE MADE TO UNRESOLVED EXTERNAL
    SYMBOL:  ILGETRXWD4_ERR
    MODULE:  D:\micom_diag\CK\AVN\FIRMWARE\Application\drv_can.obj (DRV_CAN)
    ADDRESS: CBE2H

*** WARNING L2: REFERENCE MADE TO UNRESOLVED EXTERNAL
    SYMBOL:  ILGETRXENG_VOL
    MODULE:  D:\micom_diag\CK\AVN\FIRMWARE\Application\drv_can.obj (DRV_CAN)
    ADDRESS: B6DDH

*** WARNING L1: UNRESOLVED EXTERNAL SYMBOL
    SYMBOL:  CANCONFIRMATIONOFFSET
    MODULE:  D:\micom_diag\mcnex_diagnostic_bit\CanBSW\can_drv.obj (CAN_DRV)

*** WARNING L1: UNRESOLVED EXTERNAL SYMBOL
    SYMBOL:  CANCONFIRMATIONMASK
    MODULE:  D:\micom_diag\mcnex_diagnostic_bit\CanBSW\can_drv.obj (CAN_DRV)

BL51 BANKED LINKER/LOCATER V6.22                                                      11/17/2023  15:14:24  PAGE 219


*** WARNING L1: UNRESOLVED EXTERNAL SYMBOL
    SYMBOL:  _?APPLCANFATALERROR
    MODULE:  D:\micom_diag\mcnex_diagnostic_bit\CanBSW\can_drv.obj (CAN_DRV)

*** WARNING L2: REFERENCE MADE TO UNRESOLVED EXTERNAL
    SYMBOL:  _?APPLCANFATALERROR
    MODULE:  D:\micom_diag\mcnex_diagnostic_bit\CanBSW\can_drv.obj (CAN_DRV)
    ADDRESS: 71E1H

*** WARNING L2: REFERENCE MADE TO UNRESOLVED EXTERNAL
    SYMBOL:  _?APPLCANFATALERROR
    MODULE:  D:\micom_diag\mcnex_diagnostic_bit\CanBSW\can_drv.obj (CAN_DRV)
    ADDRESS: 545CH

*** WARNING L2: REFERENCE MADE TO UNRESOLVED EXTERNAL
    SYMBOL:  _?APPLCANFATALERROR
    MODULE:  D:\micom_diag\mcnex_diagnostic_bit\CanBSW\can_drv.obj (CAN_DRV)
    ADDRESS: 5483H

*** WARNING L2: REFERENCE MADE TO UNRESOLVED EXTERNAL
    SYMBOL:  _?APPLCANFATALERROR
    MODULE:  D:\micom_diag\mcnex_diagnostic_bit\CanBSW\can_drv.obj (CAN_DRV)
    ADDRESS: 54B5H

*** WARNING L2: REFERENCE MADE TO UNRESOLVED EXTERNAL
    SYMBOL:  _?APPLCANFATALERROR
    MODULE:  D:\micom_diag\mcnex_diagnostic_bit\CanBSW\can_drv.obj (CAN_DRV)
    ADDRESS: 5A90H

*** WARNING L2: REFERENCE MADE TO UNRESOLVED EXTERNAL
    SYMBOL:  _?APPLCANFATALERROR
    MODULE:  D:\micom_diag\mcnex_diagnostic_bit\CanBSW\can_drv.obj (CAN_DRV)
    ADDRESS: 5AA3H

*** WARNING L2: REFERENCE MADE TO UNRESOLVED EXTERNAL
    SYMBOL:  _?APPLCANFATALERROR
    MODULE:  D:\micom_diag\mcnex_diagnostic_bit\CanBSW\can_drv.obj (CAN_DRV)
    ADDRESS: 5C50H

*** WARNING L2: REFERENCE MADE TO UNRESOLVED EXTERNAL
    SYMBOL:  _?APPLCANFATALERROR
    MODULE:  D:\micom_diag\mcnex_diagnostic_bit\CanBSW\can_drv.obj (CAN_DRV)
    ADDRESS: 5D05H

*** WARNING L2: REFERENCE MADE TO UNRESOLVED EXTERNAL
    SYMBOL:  _?APPLCANFATALERROR
    MODULE:  D:\micom_diag\mcnex_diagnostic_bit\CanBSW\can_drv.obj (CAN_DRV)
    ADDRESS: 5D3EH

*** WARNING L2: REFERENCE MADE TO UNRESOLVED EXTERNAL
    SYMBOL:  _?APPLCANFATALERROR
    MODULE:  D:\micom_diag\mcnex_diagnostic_bit\CanBSW\can_drv.obj (CAN_DRV)
    ADDRESS: 490FH

*** WARNING L2: REFERENCE MADE TO UNRESOLVED EXTERNAL
    SYMBOL:  _?APPLCANFATALERROR
    MODULE:  D:\micom_diag\mcnex_diagnostic_bit\CanBSW\can_drv.obj (CAN_DRV)
BL51 BANKED LINKER/LOCATER V6.22                                                      11/17/2023  15:14:24  PAGE 220


    ADDRESS: 4925H

*** WARNING L2: REFERENCE MADE TO UNRESOLVED EXTERNAL
    SYMBOL:  _?APPLCANFATALERROR
    MODULE:  D:\micom_diag\mcnex_diagnostic_bit\CanBSW\can_drv.obj (CAN_DRV)
    ADDRESS: 4944H

*** WARNING L2: REFERENCE MADE TO UNRESOLVED EXTERNAL
    SYMBOL:  _?APPLCANFATALERROR
    MODULE:  D:\micom_diag\mcnex_diagnostic_bit\CanBSW\can_drv.obj (CAN_DRV)
    ADDRESS: 4CB3H

*** WARNING L2: REFERENCE MADE TO UNRESOLVED EXTERNAL
    SYMBOL:  _?APPLCANFATALERROR
    MODULE:  D:\micom_diag\mcnex_diagnostic_bit\CanBSW\can_drv.obj (CAN_DRV)
    ADDRESS: 6613H

*** WARNING L2: REFERENCE MADE TO UNRESOLVED EXTERNAL
    SYMBOL:  _?APPLCANFATALERROR
    MODULE:  D:\micom_diag\mcnex_diagnostic_bit\CanBSW\can_drv.obj (CAN_DRV)
    ADDRESS: 5856H

*** WARNING L2: REFERENCE MADE TO UNRESOLVED EXTERNAL
    SYMBOL:  CANCONFIRMATIONOFFSET
    MODULE:  D:\micom_diag\mcnex_diagnostic_bit\CanBSW\can_drv.obj (CAN_DRV)
    ADDRESS: 5896H

*** WARNING L2: REFERENCE MADE TO UNRESOLVED EXTERNAL
    SYMBOL:  CANCONFIRMATIONOFFSET
    MODULE:  D:\micom_diag\mcnex_diagnostic_bit\CanBSW\can_drv.obj (CAN_DRV)
    ADDRESS: 589BH

*** WARNING L2: REFERENCE MADE TO UNRESOLVED EXTERNAL
    SYMBOL:  CANCONFIRMATIONMASK
    MODULE:  D:\micom_diag\mcnex_diagnostic_bit\CanBSW\can_drv.obj (CAN_DRV)
    ADDRESS: 58A5H

*** WARNING L2: REFERENCE MADE TO UNRESOLVED EXTERNAL
    SYMBOL:  CANCONFIRMATIONMASK
    MODULE:  D:\micom_diag\mcnex_diagnostic_bit\CanBSW\can_drv.obj (CAN_DRV)
    ADDRESS: 58AAH

*** WARNING L2: REFERENCE MADE TO UNRESOLVED EXTERNAL
    SYMBOL:  _?APPLCANFATALERROR
    MODULE:  D:\micom_diag\mcnex_diagnostic_bit\CanBSW\can_drv.obj (CAN_DRV)
    ADDRESS: 736EH

*** WARNING L2: REFERENCE MADE TO UNRESOLVED EXTERNAL
    SYMBOL:  _?APPLCANFATALERROR
    MODULE:  D:\micom_diag\mcnex_diagnostic_bit\CanBSW\can_drv.obj (CAN_DRV)
    ADDRESS: 7264H

*** WARNING L2: REFERENCE MADE TO UNRESOLVED EXTERNAL
    SYMBOL:  _?APPLCANFATALERROR
    MODULE:  D:\micom_diag\mcnex_diagnostic_bit\CanBSW\can_drv.obj (CAN_DRV)
    ADDRESS: 6DECH

BL51 BANKED LINKER/LOCATER V6.22                                                      11/17/2023  15:14:24  PAGE 221


*** WARNING L2: REFERENCE MADE TO UNRESOLVED EXTERNAL
    SYMBOL:  _?APPLCANFATALERROR
    MODULE:  D:\micom_diag\mcnex_diagnostic_bit\CanBSW\can_drv.obj (CAN_DRV)
    ADDRESS: 6F1AH

*** WARNING L2: REFERENCE MADE TO UNRESOLVED EXTERNAL
    SYMBOL:  _?APPLCANFATALERROR
    MODULE:  D:\micom_diag\mcnex_diagnostic_bit\CanBSW\can_drv.obj (CAN_DRV)
    ADDRESS: 7101H

*** WARNING L1: UNRESOLVED EXTERNAL SYMBOL
    SYMBOL:  CANCONFIRMATIONOFFSET
    MODULE:  D:\micom_diag\mcnex_diagnostic_bit\CanBSW\il.obj (IL)

*** WARNING L1: UNRESOLVED EXTERNAL SYMBOL
    SYMBOL:  CANCONFIRMATIONMASK
    MODULE:  D:\micom_diag\mcnex_diagnostic_bit\CanBSW\il.obj (IL)

*** WARNING L1: UNRESOLVED EXTERNAL SYMBOL
    SYMBOL:  ILCANHNDTOILHND
    MODULE:  D:\micom_diag\mcnex_diagnostic_bit\CanBSW\il.obj (IL)

*** WARNING L1: UNRESOLVED EXTERNAL SYMBOL
    SYMBOL:  ILTXDEFAULTINITVALUE
    MODULE:  D:\micom_diag\mcnex_diagnostic_bit\CanBSW\il.obj (IL)

*** WARNING L1: UNRESOLVED EXTERNAL SYMBOL
    SYMBOL:  ILTXTYPE
    MODULE:  D:\micom_diag\mcnex_diagnostic_bit\CanBSW\il.obj (IL)

*** WARNING L1: UNRESOLVED EXTERNAL SYMBOL
    SYMBOL:  ILTXCYCLICCYCLES
    MODULE:  D:\micom_diag\mcnex_diagnostic_bit\CanBSW\il.obj (IL)

*** WARNING L1: UNRESOLVED EXTERNAL SYMBOL
    SYMBOL:  ILTXSTARTCYCLES
    MODULE:  D:\micom_diag\mcnex_diagnostic_bit\CanBSW\il.obj (IL)

*** WARNING L1: UNRESOLVED EXTERNAL SYMBOL
    SYMBOL:  ILTXUPDATECYCLES
    MODULE:  D:\micom_diag\mcnex_diagnostic_bit\CanBSW\il.obj (IL)

*** WARNING L1: UNRESOLVED EXTERNAL SYMBOL
    SYMBOL:  ILTXEVENTCYCLES
    MODULE:  D:\micom_diag\mcnex_diagnostic_bit\CanBSW\il.obj (IL)

*** WARNING L1: UNRESOLVED EXTERNAL SYMBOL
    SYMBOL:  ILTXCONFIRMATIONFCTPTR
    MODULE:  D:\micom_diag\mcnex_diagnostic_bit\CanBSW\il.obj (IL)

*** WARNING L1: UNRESOLVED EXTERNAL SYMBOL
    SYMBOL:  ILTXINDIRECTION
    MODULE:  D:\micom_diag\mcnex_diagnostic_bit\CanBSW\il.obj (IL)

*** WARNING L1: UNRESOLVED EXTERNAL SYMBOL
    SYMBOL:  ILRESETCANCONFIRMATIONFLAGS
    MODULE:  D:\micom_diag\mcnex_diagnostic_bit\CanBSW\il.obj (IL)
BL51 BANKED LINKER/LOCATER V6.22                                                      11/17/2023  15:14:24  PAGE 222



*** WARNING L2: REFERENCE MADE TO UNRESOLVED EXTERNAL
    SYMBOL:  ILTXINDIRECTION
    MODULE:  D:\micom_diag\mcnex_diagnostic_bit\CanBSW\il.obj (IL)
    ADDRESS: D3E4H

*** WARNING L2: REFERENCE MADE TO UNRESOLVED EXTERNAL
    SYMBOL:  ILTXINDIRECTION
    MODULE:  D:\micom_diag\mcnex_diagnostic_bit\CanBSW\il.obj (IL)
    ADDRESS: D3E9H

*** WARNING L2: REFERENCE MADE TO UNRESOLVED EXTERNAL
    SYMBOL:  ILTXINDIRECTION
    MODULE:  D:\micom_diag\mcnex_diagnostic_bit\CanBSW\il.obj (IL)
    ADDRESS: 9CBEH

*** WARNING L2: REFERENCE MADE TO UNRESOLVED EXTERNAL
    SYMBOL:  ILTXINDIRECTION
    MODULE:  D:\micom_diag\mcnex_diagnostic_bit\CanBSW\il.obj (IL)
    ADDRESS: 9CC3H

*** WARNING L2: REFERENCE MADE TO UNRESOLVED EXTERNAL
    SYMBOL:  ILTXDEFAULTINITVALUE
    MODULE:  D:\micom_diag\mcnex_diagnostic_bit\CanBSW\il.obj (IL)
    ADDRESS: 9CF1H

*** WARNING L2: REFERENCE MADE TO UNRESOLVED EXTERNAL
    SYMBOL:  ILTXDEFAULTINITVALUE
    MODULE:  D:\micom_diag\mcnex_diagnostic_bit\CanBSW\il.obj (IL)
    ADDRESS: 9CF6H

*** WARNING L2: REFERENCE MADE TO UNRESOLVED EXTERNAL
    SYMBOL:  ILTXINDIRECTION
    MODULE:  D:\micom_diag\mcnex_diagnostic_bit\CanBSW\il.obj (IL)
    ADDRESS: 9D09H

*** WARNING L2: REFERENCE MADE TO UNRESOLVED EXTERNAL
    SYMBOL:  ILTXINDIRECTION
    MODULE:  D:\micom_diag\mcnex_diagnostic_bit\CanBSW\il.obj (IL)
    ADDRESS: 9D0EH

*** WARNING L2: REFERENCE MADE TO UNRESOLVED EXTERNAL
    SYMBOL:  ILTXDEFAULTINITVALUE
    MODULE:  D:\micom_diag\mcnex_diagnostic_bit\CanBSW\il.obj (IL)
    ADDRESS: 9D37H

*** WARNING L2: REFERENCE MADE TO UNRESOLVED EXTERNAL
    SYMBOL:  ILTXDEFAULTINITVALUE
    MODULE:  D:\micom_diag\mcnex_diagnostic_bit\CanBSW\il.obj (IL)
    ADDRESS: 9D3CH

*** WARNING L2: REFERENCE MADE TO UNRESOLVED EXTERNAL
    SYMBOL:  ILTXINDIRECTION
    MODULE:  D:\micom_diag\mcnex_diagnostic_bit\CanBSW\il.obj (IL)
    ADDRESS: 9D70H

*** WARNING L2: REFERENCE MADE TO UNRESOLVED EXTERNAL
BL51 BANKED LINKER/LOCATER V6.22                                                      11/17/2023  15:14:24  PAGE 223


    SYMBOL:  ILTXINDIRECTION
    MODULE:  D:\micom_diag\mcnex_diagnostic_bit\CanBSW\il.obj (IL)
    ADDRESS: 9D75H

*** WARNING L2: REFERENCE MADE TO UNRESOLVED EXTERNAL
    SYMBOL:  ILTXTYPE
    MODULE:  D:\micom_diag\mcnex_diagnostic_bit\CanBSW\il.obj (IL)
    ADDRESS: D5B0H

*** WARNING L2: REFERENCE MADE TO UNRESOLVED EXTERNAL
    SYMBOL:  ILTXSTARTCYCLES
    MODULE:  D:\micom_diag\mcnex_diagnostic_bit\CanBSW\il.obj (IL)
    ADDRESS: D5D8H

*** WARNING L2: REFERENCE MADE TO UNRESOLVED EXTERNAL
    SYMBOL:  ILRESETCANCONFIRMATIONFLAGS
    MODULE:  D:\micom_diag\mcnex_diagnostic_bit\CanBSW\il.obj (IL)
    ADDRESS: D601H

*** WARNING L2: REFERENCE MADE TO UNRESOLVED EXTERNAL
    SYMBOL:  ILTXINDIRECTION
    MODULE:  D:\micom_diag\mcnex_diagnostic_bit\CanBSW\il.obj (IL)
    ADDRESS: CA07H

*** WARNING L2: REFERENCE MADE TO UNRESOLVED EXTERNAL
    SYMBOL:  ILTXINDIRECTION
    MODULE:  D:\micom_diag\mcnex_diagnostic_bit\CanBSW\il.obj (IL)
    ADDRESS: CA0CH

*** WARNING L2: REFERENCE MADE TO UNRESOLVED EXTERNAL
    SYMBOL:  CANCONFIRMATIONOFFSET
    MODULE:  D:\micom_diag\mcnex_diagnostic_bit\CanBSW\il.obj (IL)
    ADDRESS: CA31H

*** WARNING L2: REFERENCE MADE TO UNRESOLVED EXTERNAL
    SYMBOL:  CANCONFIRMATIONOFFSET
    MODULE:  D:\micom_diag\mcnex_diagnostic_bit\CanBSW\il.obj (IL)
    ADDRESS: CA35H

*** WARNING L2: REFERENCE MADE TO UNRESOLVED EXTERNAL
    SYMBOL:  CANCONFIRMATIONMASK
    MODULE:  D:\micom_diag\mcnex_diagnostic_bit\CanBSW\il.obj (IL)
    ADDRESS: CA3FH

*** WARNING L2: REFERENCE MADE TO UNRESOLVED EXTERNAL
    SYMBOL:  CANCONFIRMATIONMASK
    MODULE:  D:\micom_diag\mcnex_diagnostic_bit\CanBSW\il.obj (IL)
    ADDRESS: CA44H

*** WARNING L2: REFERENCE MADE TO UNRESOLVED EXTERNAL
    SYMBOL:  CANCONFIRMATIONOFFSET
    MODULE:  D:\micom_diag\mcnex_diagnostic_bit\CanBSW\il.obj (IL)
    ADDRESS: CA59H

*** WARNING L2: REFERENCE MADE TO UNRESOLVED EXTERNAL
    SYMBOL:  CANCONFIRMATIONOFFSET
    MODULE:  D:\micom_diag\mcnex_diagnostic_bit\CanBSW\il.obj (IL)
BL51 BANKED LINKER/LOCATER V6.22                                                      11/17/2023  15:14:24  PAGE 224


    ADDRESS: CA5DH

*** WARNING L2: REFERENCE MADE TO UNRESOLVED EXTERNAL
    SYMBOL:  CANCONFIRMATIONMASK
    MODULE:  D:\micom_diag\mcnex_diagnostic_bit\CanBSW\il.obj (IL)
    ADDRESS: CA67H

*** WARNING L2: REFERENCE MADE TO UNRESOLVED EXTERNAL
    SYMBOL:  CANCONFIRMATIONMASK
    MODULE:  D:\micom_diag\mcnex_diagnostic_bit\CanBSW\il.obj (IL)
    ADDRESS: CA6CH

*** WARNING L2: REFERENCE MADE TO UNRESOLVED EXTERNAL
    SYMBOL:  ILTXUPDATECYCLES
    MODULE:  D:\micom_diag\mcnex_diagnostic_bit\CanBSW\il.obj (IL)
    ADDRESS: CA7BH

*** WARNING L2: REFERENCE MADE TO UNRESOLVED EXTERNAL
    SYMBOL:  ILTXCONFIRMATIONFCTPTR
    MODULE:  D:\micom_diag\mcnex_diagnostic_bit\CanBSW\il.obj (IL)
    ADDRESS: CA97H

*** WARNING L2: REFERENCE MADE TO UNRESOLVED EXTERNAL
    SYMBOL:  ILTXCONFIRMATIONFCTPTR
    MODULE:  D:\micom_diag\mcnex_diagnostic_bit\CanBSW\il.obj (IL)
    ADDRESS: CA9CH

*** WARNING L2: REFERENCE MADE TO UNRESOLVED EXTERNAL
    SYMBOL:  ILTXCYCLICCYCLES
    MODULE:  D:\micom_diag\mcnex_diagnostic_bit\CanBSW\il.obj (IL)
    ADDRESS: ADD5H

*** WARNING L2: REFERENCE MADE TO UNRESOLVED EXTERNAL
    SYMBOL:  ILTXEVENTCYCLES
    MODULE:  D:\micom_diag\mcnex_diagnostic_bit\CanBSW\il.obj (IL)
    ADDRESS: AE80H

*** WARNING L2: REFERENCE MADE TO UNRESOLVED EXTERNAL
    SYMBOL:  ILCANHNDTOILHND
    MODULE:  D:\micom_diag\mcnex_diagnostic_bit\CanBSW\il.obj (IL)
    ADDRESS: EAFBH

*** WARNING L2: REFERENCE MADE TO UNRESOLVED EXTERNAL
    SYMBOL:  ILCANHNDTOILHND
    MODULE:  D:\micom_diag\mcnex_diagnostic_bit\CanBSW\il.obj (IL)
    ADDRESS: EB00H

*** WARNING L2: REFERENCE MADE TO UNRESOLVED EXTERNAL
    SYMBOL:  ILCANHNDTOILHND
    MODULE:  D:\micom_diag\mcnex_diagnostic_bit\CanBSW\il.obj (IL)
    ADDRESS: EB0FH

*** WARNING L2: REFERENCE MADE TO UNRESOLVED EXTERNAL
    SYMBOL:  ILCANHNDTOILHND
    MODULE:  D:\micom_diag\mcnex_diagnostic_bit\CanBSW\il.obj (IL)
    ADDRESS: EB14H

BL51 BANKED LINKER/LOCATER V6.22                                                      11/17/2023  15:14:24  PAGE 225


*** WARNING L1: UNRESOLVED EXTERNAL SYMBOL
    SYMBOL:  _APPLNMBASICFATALERROR
    MODULE:  D:\micom_diag\mcnex_diagnostic_bit\CanBSW\nm_basic.obj (NM_BASIC)

*** WARNING L2: REFERENCE MADE TO UNRESOLVED EXTERNAL
    SYMBOL:  _APPLNMBASICFATALERROR
    MODULE:  D:\micom_diag\mcnex_diagnostic_bit\CanBSW\nm_basic.obj (NM_BASIC)
    ADDRESS: C75BH

*** WARNING L1: UNRESOLVED EXTERNAL SYMBOL
    SYMBOL:  _DIAG_WARNING_ONOFF
    MODULE:  D:\micom_diag\mcnex_diagnostic_bit\CANGEN_MCNEX\appdesc.obj (APPDESC)

*** WARNING L2: REFERENCE MADE TO UNRESOLVED EXTERNAL
    SYMBOL:  _DIAG_WARNING_ONOFF
    MODULE:  D:\micom_diag\mcnex_diagnostic_bit\CANGEN_MCNEX\appdesc.obj (APPDESC)
    ADDRESS: 92A6H

*** WARNING L2: REFERENCE MADE TO UNRESOLVED EXTERNAL
    SYMBOL:  _DIAG_WARNING_ONOFF
    MODULE:  D:\micom_diag\mcnex_diagnostic_bit\CANGEN_MCNEX\appdesc.obj (APPDESC)
    ADDRESS: 92C1H

Program Size: data=80.4 xdata=2898 code=51224
LINK/LOCATE RUN COMPLETE.  94 WARNING(S),  0 ERROR(S)
