BL51 BANKED LINKER/LOCATER V6.22                                                        11/30/2023  16:01:58  PAGE 1


BL51 BANKED LINKER/LOCATER V6.22, INVOKED BY:
C:\KEIL\C51\BIN\BL51.EXE D:\Embedded\Blink_LED_C8051F58x_NVN\test keil\STARTUP.obj, D:\Embedded\Blink_LED_C8051F58x_NVN\
>> test keil\main.obj, D:\Embedded\Blink_LED_C8051F58x_NVN\test keil\F50x_Target_App_InfoBlock.obj, D:\Embedded\Blink_LE
>> D_C8051F58x_NVN\test keil\L51_BANK.obj, D:\Embedded\Blink_LED_C8051F58x_NVN\test keil\mgr_mcu.obj, D:\Embedded\Blink_
>> LED_C8051F58x_NVN\test keil\drv_mcu.obj, D:\Embedded\Blink_LED_C8051F58x_NVN\test keil\drv_timer.obj TO D:\Embedded\B
>> link_LED_C8051F58x_NVN\test keil\blinked NOOL CODE (0X4000-0X7FFF) BANK0 (?CO?F50X_TARGET_APP_INFOBLOCK (0X7FF0)) BAN
>> KAREA (8000H, 0FFFFH)


MEMORY MODEL: SMALL


INPUT MODULES INCLUDED:
  D:\Embedded\Blink_LED_C8051F58x_NVN\test keil\STARTUP.obj (?C_STARTUP)
  D:\Embedded\Blink_LED_C8051F58x_NVN\test keil\main.obj (MAIN)
  D:\Embedded\Blink_LED_C8051F58x_NVN\test keil\F50x_Target_App_InfoBlock.obj (F50X_TARGET_APP_INFOBLOCK)
  D:\Embedded\Blink_LED_C8051F58x_NVN\test keil\L51_BANK.obj (?BANK?SWITCHING)
  D:\Embedded\Blink_LED_C8051F58x_NVN\test keil\mgr_mcu.obj (MGR_MCU)
  D:\Embedded\Blink_LED_C8051F58x_NVN\test keil\drv_mcu.obj (DRV_MCU)
  D:\Embedded\Blink_LED_C8051F58x_NVN\test keil\drv_timer.obj (DRV_TIMER)
  C:\KEIL\C51\LIB\C51S.LIB (?C?ULCMP)
  C:\KEIL\C51\LIB\C51S.LIB (?C?LSTXDATA)
  C:\KEIL\C51\LIB\C51S.LIB (?C?LSTKXDATA)


LINK MAP OF MODULE:  D:\Embedded\Blink_LED_C8051F58x_NVN\test keil\blinked (?C_STARTUP)


            TYPE    BASE      LENGTH    RELOCATION   SEGMENT NAME
            -----------------------------------------------------

            * * * * * * *   D A T A   M E M O R Y   * * * * * * *
            REG     0000H     0008H     ABSOLUTE     "REG BANK 0"
            DATA    0008H     0004H     UNIT         ?DT?_DELAY_TIME_GET?DRV_TIMER
            DATA    000CH     0003H     UNIT         ?DT?_DELAY_TIME_SET?DRV_TIMER
            IDATA   000FH     0001H     UNIT         ?STACK

            * * * * * * *  X D A T A   M E M O R Y  * * * * * * *
            XDATA   0000H     0023H     UNIT         ?XD?DRV_TIMER
            XDATA   0023H     0001H     UNIT         ?XD?INIT_MCUTASK?MGR_MCU
            XDATA   0024H     0001H     UNIT         ?XD?TIMER2_INIT?DRV_TIMER
            XDATA   0025H     0001H     UNIT         ?XD?_DELAY_TIME_SET?DRV_TIMER

            * * * * * * *   C O D E   M E M O R Y   * * * * * * *
                    0000H     4000H                  *** GAP ***
            CODE    4000H     0003H     ABSOLUTE     
            CODE    4003H     00FBH     UNIT         ?PR?_DELAY_TIME_SET?DRV_TIMER
            CODE    40FEH     009AH     UNIT         ?PR?_DELAY_TIME_GET?DRV_TIMER
            CODE    4198H     0071H     UNIT         ?PR?GLOBAL_TIMER_INIT?DRV_TIMER
            CODE    4209H     0050H     INBLOCK      ?BANK?SELECT
            CODE    4259H     004EH     UNIT         ?C?LIB_CODE
            CODE    42A7H     0026H     UNIT         ?PR?INIT_MCUTASK?MGR_MCU
            CODE    42CDH     0022H     UNIT         ?PR?TIMER2_INIT?DRV_TIMER
            CODE    42EFH     000FH     UNIT         ?C_C51STARTUP
                    42FEH     0002H                  *** GAP ***
            CODE    4300H     001CH     PAGE         ?BANK?SWITCH
            CODE    431CH     001AH     UNIT         ?PR?PORT_INIT?DRV_MCU
            CODE    4336H     000CH     UNIT         ?PR?EXINTERRUPT_INIT?DRV_MCU
BL51 BANKED LINKER/LOCATER V6.22                                                      11/30/2023  16:01:58  PAGE 2


            CODE    4342H     000BH     UNIT         ?PR?_DELAY?MAIN
            CODE    434DH     000AH     UNIT         ?PR?PORT_IO_INIT?MAIN
            CODE    4357H     000AH     UNIT         ?PR?OSC_INIT?DRV_MCU
            CODE    4361H     0008H     UNIT         ?PR?MAIN?MAIN
            CODE    4369H     0003H     UNIT         ?PR?INIT_DEVICE?MAIN

            * * * * * * *   C O D E   B A N K   0   * * * * * * *
                    0000H     7FF0H                  *** GAP ***
            BANK0   7FF0H     0004H     UNIT         ?CO?F50X_TARGET_APP_INFOBLOCK



SYMBOL TABLE OF MODULE:  D:\Embedded\Blink_LED_C8051F58x_NVN\test keil\blinked (?C_STARTUP)

  VALUE           TYPE          NAME
  ----------------------------------

  -------         MODULE        ?C_STARTUP
  C:42EFH         SEGMENT       ?C_C51STARTUP
  I:000FH         SEGMENT       ?STACK
  C:4000H         PUBLIC        ?C_STARTUP
  D:00E0H         SYMBOL        ACC
  D:00F0H         SYMBOL        B
  D:0083H         SYMBOL        DPH
  D:0082H         SYMBOL        DPL
  N:0000H         SYMBOL        IBPSTACK
  N:0100H         SYMBOL        IBPSTACKTOP
  N:0080H         SYMBOL        IDATALEN
  C:42F5H         SYMBOL        IDATALOOP
  N:0000H         SYMBOL        PBPSTACK
  N:0100H         SYMBOL        PBPSTACKTOP
  D:00D9H         SYMBOL        PCA0MD
  N:0000H         SYMBOL        PDATALEN
  N:0000H         SYMBOL        PDATASTART
  N:0000H         SYMBOL        PPAGE
  N:0000H         SYMBOL        PPAGEENABLE
  D:00A0H         SYMBOL        PPAGE_SFR
  D:0081H         SYMBOL        SP
  C:42EFH         SYMBOL        STARTUP1
  N:0000H         SYMBOL        XBPSTACK
  N:0000H         SYMBOL        XBPSTACKTOP
  N:0000H         SYMBOL        XDATALEN
  N:0000H         SYMBOL        XDATASTART
  C:4000H         LINE#         127
  C:42EFH         LINE#         133
  C:42F2H         LINE#         136
  C:42F4H         LINE#         137
  C:42F5H         LINE#         138
  C:42F6H         LINE#         139
  C:42F8H         LINE#         188
  C:42FBH         LINE#         199
  -------         ENDMOD        ?C_STARTUP

  -------         MODULE        MAIN
  C:0000H         SYMBOL        _ICE_DUMMY_
  D:00A0H         PUBLIC        P2
  D:00A7H         PUBLIC        SFRPAGE
BL51 BANKED LINKER/LOCATER V6.22                                                      11/30/2023  16:01:58  PAGE 3


  D:00A6H         PUBLIC        P2MDOUT
  C:4342H         PUBLIC        _delay
  C:434DH         PUBLIC        Port_IO_Init
  C:4361H         PUBLIC        main
  C:4369H         PUBLIC        Init_Device
  -------         PROC          PORT_IO_INIT
  C:434DH         LINE#         4
  C:434DH         LINE#         5
  C:4350H         LINE#         6
  C:4353H         LINE#         8
  C:4356H         LINE#         9
  -------         ENDPROC       PORT_IO_INIT
  -------         PROC          INIT_DEVICE
  C:4369H         LINE#         10
  C:4369H         LINE#         11
  C:4369H         LINE#         12
  -------         ENDPROC       INIT_DEVICE
  -------         PROC          _DELAY
  D:0006H         SYMBOL        count
  C:4342H         LINE#         14
  C:4342H         LINE#         15
  C:434CH         LINE#         16
  -------         ENDPROC       _DELAY
  -------         PROC          MAIN
  C:4361H         LINE#         18
  C:4361H         LINE#         19
  C:4364H         LINE#         21
  C:4364H         LINE#         22
  C:4367H         LINE#         27
  -------         ENDPROC       MAIN
  -------         ENDMOD        MAIN

  -------         MODULE        F50X_TARGET_APP_INFOBLOCK
  C:0000H         SYMBOL        _ICE_DUMMY_
 C0:7FF0H         PUBLIC        INFOBLOCK
  -------         ENDMOD        F50X_TARGET_APP_INFOBLOCK

  -------         MODULE        ?BANK?SWITCHING
  C:4209H         SEGMENT       ?BANK?SELECT
  C:4300H         SEGMENT       ?BANK?SWITCH
  C:4209H         PUBLIC        ?B_BANK0
  C:421BH         PUBLIC        ?B_BANK1
  C:422DH         PUBLIC        ?B_BANK2
  C:423FH         PUBLIC        ?B_BANK3
  D:0090H         PUBLIC        ?B_CURRENTBANK
  N:0004H         PUBLIC        ?B_FACTOR
  N:000CH         PUBLIC        ?B_MASK
  N:0000H         PUBLIC        ?B_MODE
  N:0004H         PUBLIC        ?B_NBANKS
  N:00FFH         PUBLIC        ?B_RST_BANK
  C:4300H         PUBLIC        ?B_SWITCH0
  C:4308H         PUBLIC        ?B_SWITCH1
  C:4310H         PUBLIC        ?B_SWITCH2
  C:4318H         PUBLIC        ?B_SWITCH3
  C:4252H         PUBLIC        ?B_SWITCHBANK_A
  C:4251H         PUBLIC        _SWITCHBANK
  N:0000H         SYMBOL        ?BANK?SWITCHING
BL51 BANKED LINKER/LOCATER V6.22                                                      11/30/2023  16:01:58  PAGE 4


  N:0002H         SYMBOL        ?B_FIRSTBIT
  D:0090H         SYMBOL        ?B_PORT
  N:0000H         SYMBOL        ?B_RTX
  N:0000H         SYMBOL        ?B_VAR_BANKING
  D:00E0H         SYMBOL        ACC
  D:00F0H         SYMBOL        B
  N:0000H         SYMBOL        BANK0
  N:0004H         SYMBOL        BANK1
  N:0008H         SYMBOL        BANK2
  N:000CH         SYMBOL        BANK3
  N:0004H         SYMBOL        CNT
  D:0083H         SYMBOL        DPH
  D:0082H         SYMBOL        DPL
  B:00A8H.7       SYMBOL        EA
  D:00A8H         SYMBOL        IE
  N:0003H         SYMBOL        MASK
  D:0090H         SYMBOL        P1
  -------         ENDMOD        ?BANK?SWITCHING

  -------         MODULE        MGR_MCU
  C:0000H         SYMBOL        _ICE_DUMMY_
  B:00A8H.7       PUBLIC        EA
  D:00A7H         PUBLIC        SFRPAGE
  D:00D9H         PUBLIC        PCA0MD
  D:00FFH         PUBLIC        VDM0CN
  C:42A7H         PUBLIC        Init_McuTask
  -------         PROC          INIT_MCUTASK
  -------         DO            
  X:0023H         SYMBOL        i
  -------         ENDDO         
  C:42A7H         LINE#         7
  C:42A7H         LINE#         9
  C:42AAH         LINE#         11
  C:42ADH         LINE#         13
  C:42B0H         LINE#         15
  C:42BEH         LINE#         17
  C:42C1H         LINE#         18
  C:42C4H         LINE#         19
  C:42C7H         LINE#         20
  C:42CAH         LINE#         21
  C:42CCH         LINE#         22
  -------         ENDPROC       INIT_MCUTASK
  -------         ENDMOD        MGR_MCU

  -------         MODULE        DRV_MCU
  C:0000H         SYMBOL        _ICE_DUMMY_
  B:00A0H.1       PUBLIC        LED_STATUS_UPDOWNLOAD
  B:00A0H.0       PUBLIC        LED_STATUS_ERROR
  D:00A7H         PUBLIC        SFRPAGE
  D:00A4H         PUBLIC        P0MDOUT
  D:00A6H         PUBLIC        P2MDOUT
  C:4357H         PUBLIC        Osc_Init
  D:00E1H         PUBLIC        XBR0
  C:431CH         PUBLIC        Port_Init
  D:00C7H         PUBLIC        XBR2
  C:4336H         PUBLIC        Exinterrupt_Init
  D:0088H         PUBLIC        TCON
BL51 BANKED LINKER/LOCATER V6.22                                                      11/30/2023  16:01:58  PAGE 5


  D:00D4H         PUBLIC        P0SKIP
  D:00A1H         PUBLIC        OSCICN
  B:00A8H.2       PUBLIC        EX1
  -------         PROC          OSC_INIT
  C:4357H         LINE#         5
  C:4357H         LINE#         6
  C:4357H         LINE#         7
  C:435AH         LINE#         8
  C:435DH         LINE#         9
  C:4360H         LINE#         10
  -------         ENDPROC       OSC_INIT
  -------         PROC          PORT_INIT
  C:431CH         LINE#         12
  C:431CH         LINE#         13
  C:431CH         LINE#         14
  C:431FH         LINE#         15
  C:4322H         LINE#         16
  C:4325H         LINE#         17
  C:4328H         LINE#         18
  C:432BH         LINE#         19
  C:432EH         LINE#         20
  C:4331H         LINE#         21
  C:4333H         LINE#         22
  C:4335H         LINE#         23
  -------         ENDPROC       PORT_INIT
  -------         PROC          EXINTERRUPT_INIT
  C:4336H         LINE#         25
  C:4336H         LINE#         26
  C:4336H         LINE#         27
  C:4339H         LINE#         28
  C:433CH         LINE#         30
  C:433EH         LINE#         31
  C:4341H         LINE#         32
  -------         ENDPROC       EXINTERRUPT_INIT
  -------         ENDMOD        DRV_MCU

  -------         MODULE        DRV_TIMER
  C:0000H         SYMBOL        _ICE_DUMMY_
  D:00A7H         PUBLIC        SFRPAGE
  X:0000H         PUBLIC        g_Global_Tick_Msg
  D:00CCH         PUBLIC        TMR2
  C:42CDH         PUBLIC        Timer2_Init
  C:4198H         PUBLIC        Global_Timer_Init
  D:00C8H         PUBLIC        TMR2CN
  D:00CAH         PUBLIC        TMR2RL
  B:00A8H.5       PUBLIC        ET2
  B:00C8H.2       PUBLIC        TR2
  C:40FEH         PUBLIC        _Delay_Time_Get
  X:0009H         PUBLIC        ga_tCAN_Time_Msg
  D:008EH         PUBLIC        CKCON
  C:4003H         PUBLIC        _Delay_Time_Set
  -------         PROC          GLOBAL_TIMER_INIT
  -------         DO            
  D:0003H         SYMBOL        i
  -------         ENDDO         
  C:4198H         LINE#         9
  C:4198H         LINE#         10
BL51 BANKED LINKER/LOCATER V6.22                                                      11/30/2023  16:01:58  PAGE 6


  C:4198H         LINE#         11
  C:419AH         LINE#         12
  C:41A4H         LINE#         13
  C:41AEH         LINE#         14
  C:41B3H         LINE#         16
  C:41B3H         LINE#         17
  C:41B3H         LINE#         18
  C:41C3H         LINE#         19
  C:41D8H         LINE#         20
  C:41EDH         LINE#         21
  C:4202H         LINE#         22
  C:4206H         LINE#         31
  -------         ENDPROC       GLOBAL_TIMER_INIT
  -------         PROC          TIMER2_INIT
  -------         DO            
  X:0024H         SYMBOL        SFRPAGE_save
  -------         ENDDO         
  C:42CDH         LINE#         76
  C:42CDH         LINE#         77
  C:42CDH         LINE#         78
  C:42D3H         LINE#         79
  C:42D6H         LINE#         81
  C:42D8H         LINE#         83
  C:42DBH         LINE#         86
  C:42E1H         LINE#         88
  C:42E7H         LINE#         89
  C:42E9H         LINE#         90
  C:42EBH         LINE#         92
  C:42EEH         LINE#         93
  -------         ENDPROC       TIMER2_INIT
  -------         PROC          _DELAY_TIME_SET
  D:000CH         SYMBOL        ID
  D:000DH         SYMBOL        Delay_Time
  -------         DO            
  X:0025H         SYMBOL        Set_Delay_Time
  -------         ENDDO         
  C:4003H         LINE#         136
  C:4009H         LINE#         137
  C:4009H         LINE#         138
  C:400EH         LINE#         140
  C:402EH         LINE#         141
  C:4047H         LINE#         142
  C:4059H         LINE#         144
  C:40A9H         LINE#         145
  C:40DDH         LINE#         146
  C:40DDH         LINE#         147
  C:40FDH         LINE#         148
  C:40FDH         LINE#         149
  -------         ENDPROC       _DELAY_TIME_SET
  -------         PROC          _DELAY_TIME_GET
  D:0008H         SYMBOL        ID
  -------         DO            
  D:0009H         SYMBOL        ret
  D:000AH         SYMBOL        i
  D:000BH         SYMBOL        cnt
  -------         ENDDO         
  C:40FEH         LINE#         151
BL51 BANKED LINKER/LOCATER V6.22                                                      11/30/2023  16:01:58  PAGE 7


  C:4100H         LINE#         152
  C:4100H         LINE#         153
  C:4103H         LINE#         154
  C:4105H         LINE#         155
  C:4107H         LINE#         157
  C:4127H         LINE#         158
  C:413BH         LINE#         159
  C:413BH         LINE#         160
  C:4175H         LINE#         161
  C:4175H         LINE#         162
  C:4192H         LINE#         163
  C:4195H         LINE#         164
  C:4195H         LINE#         165
  C:4195H         LINE#         166
  C:4197H         LINE#         167
  -------         ENDPROC       _DELAY_TIME_GET
  -------         ENDMOD        DRV_TIMER

  -------         MODULE        ?C?ULCMP
  C:4259H         PUBLIC        ?C?ULCMP
  -------         ENDMOD        ?C?ULCMP

  -------         MODULE        ?C?LSTXDATA
  C:426AH         PUBLIC        ?C?LSTXDATA
  -------         ENDMOD        ?C?LSTXDATA

  -------         MODULE        ?C?LSTKXDATA
  C:4276H         PUBLIC        ?C?LSTKXDATA
  -------         ENDMOD        ?C?LSTKXDATA

Program Size: data=16.0 xdata=38 code=878
LINK/LOCATE RUN COMPLETE.  0 WARNING(S),  0 ERROR(S)
